mlrl-testbed mlrl.seco --log-level debug --data-dir python/tests/res/data --dataset emotions --base-dir python/tests/res/tmp --result-dir results --save-evaluation true --rule-pruning irep --pruning-heuristic m-estimate
Starting experiment using the classification algorithm "SeCoClassifier"...
Using separate training and test sets...
Reading input data from file "python/tests/res/data/emotions.arff"...
Parsing meta-data from file "python/tests/res/data/emotions.xml"...
Fitting model to 397 training examples...
A dense matrix is used to store the feature values of the training examples
A dense matrix is used to store the labels of the training examples
Successfully fit model in <duration>
Predicting for 196 test examples...
A dense matrix is used to store the feature values of the query examples
A dense matrix is used to store the predicted labels
Successfully predicted in <duration>
Evaluation result for test data:

Example-wise F1         54.45
Example-wise Jaccard    45.4
Example-wise Precision  62.45
Example-wise Recall     60.63
Hamming Accuracy        72.96
Hamming Loss            27.04
Macro F1                52
Macro Jaccard           37.93
Macro Precision         64.3
Macro Recall            58.66
Micro F1                58.91
Micro Jaccard           41.76
Micro Precision         57.14
Micro Recall            60.8
Subset 0/1 Loss         80.61
Subset Accuracy         19.39

Writing output data to file "python/tests/res/tmp/results/evaluation_test.csv"...
Successfully finished after <duration>
