mlrl-testbed mlrl.boosting --log-level DEBUG --data-dir python/tests/res/data --dataset emotions --output-dir python/tests/res/tmp/results --marginal-probability-calibration isotonic --print-marginal-probability-calibration-model true --store-marginal-probability-calibration-model true --joint-probability-calibration isotonic --print-joint-probability-calibration-model true --store-joint-probability-calibration-model true --store-evaluation false --binary-predictor gfm --print-predictions true --print-ground-truth true --print-label-vectors true --model-load-dir python/tests/res/tmp/models --model-save-dir python/tests/res/tmp/models
INFO Starting experiment using the classification algorithm "boomer"...
INFO Using separate training and test sets...
DEBUG Reading input data from file "python/tests/res/data/emotions.arff"...
DEBUG Parsing meta-data from file "python/tests/res/data/emotions.xml"...
DEBUG Reading input data from file "python/tests/res/tmp/models/model.pickle"...
INFO Successfully loaded model
INFO Predicting for 196 test examples...
DEBUG A dense matrix is used to store the feature values of the query examples
DEBUG A dense matrix is used to store the predicted labels
INFO Successfully predicted in <duration>
INFO Evaluation result for test data:

Example-wise F1         41.1
Example-wise Jaccard    32.37
Example-wise Precision  68.19
Example-wise Recall     53.4
Hamming Accuracy        68.11
Hamming Loss            31.89
Macro F1                47.41
Macro Jaccard           31.94
Macro Precision         49.32
Macro Recall            48.37
Micro F1                50.33
Micro Jaccard           33.63
Micro Precision         50
Micro Recall            50.67
Subset 0/1 Loss         92.35
Subset Accuracy          7.65

INFO Predictions for test data:

[[1 0 0 0 0 1]
 [1 0 0 0 0 0]
 [0 0 0 0 1 0]
 [0 1 1 0 0 0]
 [0 0 1 1 1 0]
 [0 0 1 1 1 0]
 [1 0 0 0 0 1]
 [0 1 0 0 0 0]
 [0 0 1 1 1 0]
 [0 1 1 0 0 0]
 [0 0 0 0 0 1]
 [0 1 1 0 0 0]
 [1 0 0 0 0 0]
 [0 0 0 0 0 1]
 [1 0 0 0 0 1]
 [1 0 0 0 0 1]
 [0 0 1 0 1 0]
 [0 0 0 1 1 0]
 [0 0 1 1 1 0]
 [0 0 0 1 1 0]
 [1 0 0 0 0 1]
 [0 0 1 0 0 0]
 [1 1 1 0 0 0]
 [1 0 0 0 0 1]
 [1 0 0 0 0 1]
 [0 0 1 1 0 0]
 [0 0 0 1 0 0]
 [0 1 1 0 0 0]
 [1 1 1 0 0 0]
 [1 0 0 0 0 1]
 [1 0 0 0 0 1]
 [1 0 0 0 0 1]
 [0 0 0 0 0 1]
 [0 0 1 1 1 0]
 [1 0 0 0 1 0]
 [0 1 0 0 1 0]
 [0 0 1 0 0 1]
 [0 1 1 0 0 0]
 [1 1 0 0 0 0]
 [1 1 0 0 0 0]
 [0 0 1 1 1 0]
 [0 0 0 0 0 1]
 [1 1 1 0 0 0]
 [1 0 0 0 1 0]
 [0 0 0 0 1 0]
 [0 1 1 0 0 0]
 [1 0 0 0 1 0]
 [0 1 1 0 0 0]
 [0 0 0 1 1 0]
 [1 0 0 0 0 1]
 [1 0 0 0 0 0]
 [0 0 0 0 0 1]
 [0 0 1 0 0 0]
 [0 0 1 1 1 0]
 [0 0 1 0 0 0]
 [0 0 1 1 1 0]
 [0 1 1 0 0 0]
 [0 0 1 1 1 0]
 [0 0 1 1 1 0]
 [0 0 0 0 0 1]
 [0 0 1 1 0 0]
 [0 0 1 0 0 0]
 [0 1 0 0 0 0]
 [0 1 1 0 0 0]
 [0 1 1 0 0 0]
 [1 0 0 0 0 1]
 [0 0 1 1 0 0]
 [0 0 1 0 1 0]
 [0 0 0 1 1 0]
 [0 0 1 1 1 0]
 [0 0 1 1 1 0]
 [0 0 0 1 1 0]
 [0 0 1 0 0 0]
 [0 1 1 0 0 0]
 [1 0 0 0 0 1]
 [0 0 0 0 0 1]
 [0 0 1 1 1 0]
 [1 0 0 0 0 1]
 [0 1 1 0 0 0]
 [1 0 0 0 1 0]
 [0 0 1 1 1 0]
 [1 0 0 0 0 1]
 [0 0 0 1 1 0]
 [0 0 1 1 0 0]
 [0 1 1 0 0 0]
 [1 0 0 0 1 1]
 [0 0 0 0 0 1]
 [0 0 0 0 0 1]
 [0 0 0 0 1 1]
 [0 0 1 1 0 0]
 [0 0 1 0 1 0]
 [0 0 1 0 0 0]
 [0 1 1 0 0 0]
 [0 0 1 1 1 0]
 [1 1 0 0 0 0]
 [1 0 1 0 0 0]
 [0 0 1 1 1 0]
 [0 1 1 0 0 0]
 [0 0 0 1 1 0]
 [0 0 1 1 0 0]
 [0 0 0 1 1 0]
 [0 0 0 0 1 1]
 [0 1 1 0 0 0]
 [0 0 0 1 1 0]
 [1 0 0 0 0 1]
 [1 0 0 0 0 1]
 [1 0 0 0 0 1]
 [0 1 0 0 0 0]
 [0 0 0 0 0 1]
 [0 1 1 0 0 0]
 [1 0 0 0 0 1]
 [0 1 1 0 0 0]
 [1 1 1 0 0 0]
 [0 1 1 0 0 0]
 [1 1 0 0 0 0]
 [0 1 1 0 0 0]
 [0 0 1 0 1 0]
 [0 0 1 1 0 1]
 [0 0 0 0 0 1]
 [0 0 1 1 1 0]
 [1 1 0 0 0 0]
 [0 0 1 1 1 0]
 [1 0 0 0 0 1]
 [1 0 0 0 0 0]
 [1 0 0 0 1 1]
 [0 0 1 1 1 0]
 [1 0 0 0 0 0]
 [1 0 0 0 0 1]
 [1 0 0 0 0 1]
 [0 0 1 0 0 0]
 [1 0 0 0 0 1]
 [0 1 1 0 0 0]
 [0 0 1 1 0 0]
 [0 0 1 0 0 1]
 [0 0 0 0 0 1]
 [0 1 0 0 0 0]
 [1 0 1 0 0 0]
 [0 0 1 1 0 0]
 [0 1 1 0 0 0]
 [0 0 0 0 0 1]
 [1 1 0 0 0 0]
 [0 1 1 0 0 0]
 [0 0 0 0 0 1]
 [0 0 1 0 0 0]
 [0 0 1 1 1 0]
 [0 1 1 0 0 0]
 [1 0 0 0 0 1]
 [0 0 0 1 0 0]
 [0 1 1 0 0 0]
 [0 0 0 0 1 1]
 [1 0 0 0 0 1]
 [0 0 1 1 1 0]
 [1 1 0 0 0 0]
 [0 0 1 1 1 0]
 [0 0 1 0 1 0]
 [1 0 0 0 0 0]
 [0 0 0 0 0 1]
 [1 1 0 0 0 0]
 [1 1 0 0 0 0]
 [0 1 1 0 0 0]
 [0 0 1 1 1 0]
 [0 1 1 0 0 0]
 [0 0 1 0 0 0]
 [1 1 0 0 0 0]
 [0 0 0 0 1 1]
 [0 0 0 1 1 0]
 [0 0 1 0 0 0]
 [0 0 0 0 0 1]
 [0 0 0 0 0 1]
 [0 0 0 0 0 1]
 [1 0 0 0 0 1]
 [0 1 0 1 0 0]
 [0 0 1 1 0 0]
 [0 0 1 1 1 0]
 [0 1 1 0 0 0]
 [0 1 1 1 0 0]
 [1 1 0 0 0 0]
 [1 0 0 0 0 1]
 [0 0 0 1 1 0]
 [0 0 1 1 1 0]
 [0 0 1 1 0 0]
 [0 1 1 0 0 0]
 [0 0 0 1 1 0]
 [1 1 0 0 0 0]
 [0 0 0 0 0 1]
 [0 0 0 0 0 1]
 [0 1 1 0 0 0]
 [1 0 0 0 0 0]
 [0 1 0 0 0 0]
 [0 0 0 0 0 1]
 [0 0 1 0 0 0]
 [0 0 1 0 0 0]
 [0 0 0 0 0 1]
 [1 0 0 0 0 1]
 [0 0 1 1 0 0]
 [1 0 0 0 0 1]]

INFO Ground truth for test data:

[[1 0 0 0 0 1]
 [1 0 0 0 0 0]
 [0 0 0 0 1 0]
 [0 1 1 0 0 0]
 [0 0 1 1 1 0]
 [0 0 1 1 1 0]
 [1 0 0 0 0 1]
 [0 1 0 0 0 0]
 [0 0 1 1 1 0]
 [0 1 1 0 0 0]
 [0 0 0 0 0 1]
 [0 1 1 0 0 0]
 [1 0 0 0 0 0]
 [0 0 0 0 0 1]
 [1 0 0 0 0 1]
 [1 0 0 0 0 1]
 [0 0 1 0 1 0]
 [0 0 0 1 1 0]
 [0 0 1 1 1 0]
 [0 0 0 1 1 0]
 [1 0 0 0 0 1]
 [0 0 1 0 0 0]
 [1 1 1 0 0 0]
 [1 0 0 0 0 1]
 [1 0 0 0 0 1]
 [0 0 1 1 0 0]
 [0 0 0 1 0 0]
 [0 1 1 0 0 0]
 [1 1 1 0 0 0]
 [1 0 0 0 0 1]
 [1 0 0 0 0 1]
 [1 0 0 0 0 1]
 [0 0 0 0 0 1]
 [0 0 1 1 1 0]
 [1 0 0 0 1 0]
 [0 1 0 0 1 0]
 [0 0 1 0 0 1]
 [0 1 1 0 0 0]
 [1 1 0 0 0 0]
 [1 1 0 0 0 0]
 [0 0 1 1 1 0]
 [0 0 0 0 0 1]
 [1 1 1 0 0 0]
 [1 0 0 0 1 0]
 [0 0 0 0 1 0]
 [0 1 1 0 0 0]
 [1 0 0 0 1 0]
 [0 1 1 0 0 0]
 [0 0 0 1 1 0]
 [1 0 0 0 0 1]
 [1 0 0 0 0 0]
 [0 0 0 0 0 1]
 [0 0 1 0 0 0]
 [0 0 1 1 1 0]
 [0 0 1 0 0 0]
 [0 0 1 1 1 0]
 [0 1 1 0 0 0]
 [0 0 1 1 1 0]
 [0 0 1 1 1 0]
 [0 0 0 0 0 1]
 [0 0 1 1 0 0]
 [0 0 1 0 0 0]
 [0 1 0 0 0 0]
 [0 1 1 0 0 0]
 [0 1 1 0 0 0]
 [1 0 0 0 0 1]
 [0 0 1 1 0 0]
 [0 0 1 0 1 0]
 [0 0 0 1 1 0]
 [0 0 1 1 1 0]
 [0 0 1 1 1 0]
 [0 0 0 1 1 0]
 [0 0 1 0 0 0]
 [0 1 1 0 0 0]
 [1 0 0 0 0 1]
 [0 0 0 0 0 1]
 [0 0 1 1 1 0]
 [1 0 0 0 0 1]
 [0 1 1 0 0 0]
 [1 0 0 0 1 0]
 [0 0 1 1 1 0]
 [1 0 0 0 0 1]
 [0 0 0 1 1 0]
 [0 0 1 1 0 0]
 [0 1 1 0 0 0]
 [1 0 0 0 1 1]
 [0 0 0 0 0 1]
 [0 0 0 0 0 1]
 [0 0 0 0 1 1]
 [0 0 1 1 0 0]
 [0 0 1 0 1 0]
 [0 0 1 0 0 0]
 [0 1 1 0 0 0]
 [0 0 1 1 1 0]
 [1 1 0 0 0 0]
 [1 0 1 0 0 0]
 [0 0 1 1 1 0]
 [0 1 1 0 0 0]
 [0 0 0 1 1 0]
 [0 0 1 1 0 0]
 [0 0 0 1 1 0]
 [0 0 0 0 1 1]
 [0 1 1 0 0 0]
 [0 0 0 1 1 0]
 [1 0 0 0 0 1]
 [1 0 0 0 0 1]
 [1 0 0 0 0 1]
 [0 1 0 0 0 0]
 [0 0 0 0 0 1]
 [0 1 1 0 0 0]
 [1 0 0 0 0 1]
 [0 1 1 0 0 0]
 [1 1 1 0 0 0]
 [0 1 1 0 0 0]
 [1 1 0 0 0 0]
 [0 1 1 0 0 0]
 [0 0 1 0 1 0]
 [0 0 1 1 0 1]
 [0 0 0 0 0 1]
 [0 0 1 1 1 0]
 [1 1 0 0 0 0]
 [0 0 1 1 1 0]
 [1 0 0 0 0 1]
 [1 0 0 0 0 0]
 [1 0 0 0 1 1]
 [0 0 1 1 1 0]
 [1 0 0 0 0 0]
 [1 0 0 0 0 1]
 [1 0 0 0 0 1]
 [0 0 1 0 0 0]
 [1 0 0 0 0 1]
 [0 1 1 0 0 0]
 [0 0 1 1 0 0]
 [0 0 1 0 0 1]
 [0 0 0 0 0 1]
 [0 1 0 0 0 0]
 [1 0 1 0 0 0]
 [0 0 1 1 0 0]
 [0 1 1 0 0 0]
 [0 0 0 0 0 1]
 [1 1 0 0 0 0]
 [0 1 1 0 0 0]
 [0 0 0 0 0 1]
 [0 0 1 0 0 0]
 [0 0 1 1 1 0]
 [0 1 1 0 0 0]
 [1 0 0 0 0 1]
 [0 0 0 1 0 0]
 [0 1 1 0 0 0]
 [0 0 0 0 1 1]
 [1 0 0 0 0 1]
 [0 0 1 1 1 0]
 [1 1 0 0 0 0]
 [0 0 1 1 1 0]
 [0 0 1 0 1 0]
 [1 0 0 0 0 0]
 [0 0 0 0 0 1]
 [1 1 0 0 0 0]
 [1 1 0 0 0 0]
 [0 1 1 0 0 0]
 [0 0 1 1 1 0]
 [0 1 1 0 0 0]
 [0 0 1 0 0 0]
 [1 1 0 0 0 0]
 [0 0 0 0 1 1]
 [0 0 0 1 1 0]
 [0 0 1 0 0 0]
 [0 0 0 0 0 1]
 [0 0 0 0 0 1]
 [0 0 0 0 0 1]
 [1 0 0 0 0 1]
 [0 1 0 1 0 0]
 [0 0 1 1 0 0]
 [0 0 1 1 1 0]
 [0 1 1 0 0 0]
 [0 1 1 1 0 0]
 [1 1 0 0 0 0]
 [1 0 0 0 0 1]
 [0 0 0 1 1 0]
 [0 0 1 1 1 0]
 [0 0 1 1 0 0]
 [0 1 1 0 0 0]
 [0 0 0 1 1 0]
 [1 1 0 0 0 0]
 [0 0 0 0 0 1]
 [0 0 0 0 0 1]
 [0 1 1 0 0 0]
 [1 0 0 0 0 0]
 [0 1 0 0 0 0]
 [0 0 0 0 0 1]
 [0 0 1 0 0 0]
 [0 0 1 0 0 0]
 [0 0 0 0 0 1]
 [1 0 0 0 0 1]
 [0 0 1 1 0 0]
 [1 0 0 0 0 1]]

INFO Marginal probability calibration model:

┌──────────────────────┬─────────────────────────┐
│   Label 1 thresholds │   Label 1 probabilities │
├──────────────────────┼─────────────────────────┤
│               0      │                  0      │
│               0.0012 │                  0.2441 │
│               0.026  │                  0.3312 │
│               0.2426 │                  0.4333 │
│               0.404  │                  0.5    │
│               0.7181 │                  0.6094 │
│               0.9848 │                  1      │
└──────────────────────┴─────────────────────────┘
┌──────────────────────┬─────────────────────────┐
│   Label 2 thresholds │   Label 2 probabilities │
├──────────────────────┼─────────────────────────┤
│               0      │                  0      │
│               0.0015 │                  0.2    │
│               0.0019 │                  0.2097 │
│               0.0446 │                  0.2381 │
│               0.0657 │                  0.375  │
│               0.1106 │                  0.3823 │
│               0.3771 │                  0.5    │
│               0.7206 │                  0.7045 │
└──────────────────────┴─────────────────────────┘
┌──────────────────────┬─────────────────────────┐
│   Label 3 thresholds │   Label 3 probabilities │
├──────────────────────┼─────────────────────────┤
│               0      │                  0      │
│               0.0285 │                  0.2    │
│               0.0973 │                  0.5226 │
│               0.9807 │                  0.5655 │
│               0.9983 │                  1      │
└──────────────────────┴─────────────────────────┘
┌──────────────────────┬─────────────────────────┐
│   Label 4 thresholds │   Label 4 probabilities │
├──────────────────────┼─────────────────────────┤
│               0      │                  0      │
│               0.0003 │                  0.0156 │
│               0.0657 │                  0.2667 │
│               0.3108 │                  0.3625 │
│               0.9412 │                  0.7083 │
│               0.9847 │                  1      │
└──────────────────────┴─────────────────────────┘
┌──────────────────────┬─────────────────────────┐
│   Label 5 thresholds │   Label 5 probabilities │
├──────────────────────┼─────────────────────────┤
│               0.0001 │                  0      │
│               0.0018 │                  0.1429 │
│               0.0034 │                  0.2162 │
│               0.044  │                  0.25   │
│               0.0566 │                  0.294  │
│               0.5818 │                  0.3125 │
│               0.9535 │                  1      │
└──────────────────────┴─────────────────────────┘
┌──────────────────────┬─────────────────────────┐
│   Label 6 thresholds │   Label 6 probabilities │
├──────────────────────┼─────────────────────────┤
│               0      │                  0      │
│               0.0008 │                  0.025  │
│               0.0129 │                  0.1667 │
│               0.0244 │                  0.25   │
│               0.2021 │                  0.4664 │
│               0.9622 │                  0.875  │
│               0.9862 │                  1      │
└──────────────────────┴─────────────────────────┘

DEBUG Writing output data to file "python/tests/res/tmp/results/marginal_probability_calibration_model.csv"...
INFO Joint probability calibration model:

┌─────────────────────────────┬────────────────────────────────┐
│   Label vector 1 thresholds │   Label vector 1 probabilities │
├─────────────────────────────┼────────────────────────────────┤
│                      0      │                         0      │
│                      0.0026 │                         0.0625 │
│                      0.0306 │                         0.25   │
│                      0.0517 │                         0.2763 │
│                      0.3458 │                         0.4167 │
│                      0.5272 │                         0.5    │
└─────────────────────────────┴────────────────────────────────┘
┌─────────────────────────────┬────────────────────────────────┐
│   Label vector 2 thresholds │   Label vector 2 probabilities │
├─────────────────────────────┼────────────────────────────────┤
│                      0      │                         0      │
│                      0.0597 │                         0.3333 │
└─────────────────────────────┴────────────────────────────────┘
┌─────────────────────────────┬────────────────────────────────┐
│   Label vector 3 thresholds │   Label vector 3 probabilities │
├─────────────────────────────┼────────────────────────────────┤
│                      0      │                         0.0045 │
│                      0.0024 │                         0.0556 │
│                      0.0094 │                         0.125  │
│                      0.0256 │                         0.2252 │
│                      0.3733 │                         0.3333 │
└─────────────────────────────┴────────────────────────────────┘
┌─────────────────────────────┬────────────────────────────────┐
│   Label vector 4 thresholds │   Label vector 4 probabilities │
├─────────────────────────────┼────────────────────────────────┤
│                      0      │                         0.0111 │
│                      0.0014 │                         0.027  │
│                      0.0608 │                         0.25   │
│                      0.0633 │                         0.5396 │
│                      0.112  │                         0.5702 │
│                      0.3716 │                         1      │
└─────────────────────────────┴────────────────────────────────┘
┌─────────────────────────────┬────────────────────────────────┐
│   Label vector 5 thresholds │   Label vector 5 probabilities │
├─────────────────────────────┼────────────────────────────────┤
│                      0      │                         0      │
│                      0      │                         0.04   │
│                      0.004  │                         0.0833 │
│                      0.0642 │                         0.2542 │
│                      0.1657 │                         0.5    │
│                      0.1746 │                         0.6667 │
│                      0.4224 │                         1      │
└─────────────────────────────┴────────────────────────────────┘
┌─────────────────────────────┬────────────────────────────────┐
│   Label vector 6 thresholds │   Label vector 6 probabilities │
├─────────────────────────────┼────────────────────────────────┤
│                      0      │                         0      │
│                      0.0001 │                         0.0169 │
│                      0.0282 │                         0.1429 │
│                      0.0469 │                         0.25   │
│                      0.086  │                         0.3333 │
│                      0.3682 │                         0.5    │
│                      0.3786 │                         0.6042 │
└─────────────────────────────┴────────────────────────────────┘
┌─────────────────────────────┬────────────────────────────────┐
│   Label vector 7 thresholds │   Label vector 7 probabilities │
├─────────────────────────────┼────────────────────────────────┤
│                      0      │                         0      │
│                      0.0505 │                         0.0357 │
└─────────────────────────────┴────────────────────────────────┘
┌─────────────────────────────┬────────────────────────────────┐
│   Label vector 8 thresholds │   Label vector 8 probabilities │
├─────────────────────────────┼────────────────────────────────┤
│                      0      │                         0.0025 │
│                      0.0041 │                         0.04   │
│                      0.0334 │                         0.2857 │
│                      0.0504 │                         0.3409 │
│                      0.0911 │                         0.3958 │
│                      0.5027 │                         1      │
└─────────────────────────────┴────────────────────────────────┘
┌─────────────────────────────┬────────────────────────────────┐
│   Label vector 9 thresholds │   Label vector 9 probabilities │
├─────────────────────────────┼────────────────────────────────┤
│                      0      │                         0.0012 │
│                      0.0021 │                         0.1429 │
│                      0.0124 │                         0.2121 │
│                      0.0316 │                         0.3214 │
│                      0.0594 │                         0.3333 │
│                      0.0681 │                         0.3381 │
│                      0.1859 │                         0.3472 │
└─────────────────────────────┴────────────────────────────────┘
┌──────────────────────────────┬─────────────────────────────────┐
│   Label vector 10 thresholds │   Label vector 10 probabilities │
├──────────────────────────────┼─────────────────────────────────┤
│                       0      │                          0.0556 │
│                       0.0002 │                          0.1633 │
│                       0.0212 │                          0.2    │
│                       0.0264 │                          0.2105 │
│                       0.0476 │                          0.2833 │
│                       0.0987 │                          0.3333 │
│                       0.1106 │                          0.4444 │
└──────────────────────────────┴─────────────────────────────────┘
┌──────────────────────────────┬─────────────────────────────────┐
│   Label vector 11 thresholds │   Label vector 11 probabilities │
├──────────────────────────────┼─────────────────────────────────┤
│                       0      │                          0      │
│                       0.0122 │                          0.05   │
│                       0.032  │                          0.125  │
│                       0.0472 │                          0.1667 │
│                       0.0564 │                          0.25   │
│                       0.0596 │                          0.2917 │
└──────────────────────────────┴─────────────────────────────────┘
┌──────────────────────────────┬─────────────────────────────────┐
│   Label vector 12 thresholds │   Label vector 12 probabilities │
├──────────────────────────────┼─────────────────────────────────┤
│                       0      │                          0      │
│                       0.0198 │                          0.1538 │
│                       0.0605 │                          0.2336 │
│                       0.2295 │                          0.35   │
│                       0.3173 │                          0.375  │
│                       0.4106 │                          0.4167 │
│                       0.5461 │                          0.5    │
└──────────────────────────────┴─────────────────────────────────┘
┌──────────────────────────────┬─────────────────────────────────┐
│   Label vector 13 thresholds │   Label vector 13 probabilities │
├──────────────────────────────┼─────────────────────────────────┤
│                       0      │                          0      │
│                       0.1266 │                          0.0455 │
└──────────────────────────────┴─────────────────────────────────┘
┌──────────────────────────────┬─────────────────────────────────┐
│   Label vector 14 thresholds │   Label vector 14 probabilities │
├──────────────────────────────┼─────────────────────────────────┤
│                       0      │                          0.0038 │
│                       0.0034 │                          0.2939 │
│                       0.0638 │                          0.6021 │
│                       0.2448 │                          1      │
└──────────────────────────────┴─────────────────────────────────┘
┌──────────────────────────────┬─────────────────────────────────┐
│   Label vector 15 thresholds │   Label vector 15 probabilities │
├──────────────────────────────┼─────────────────────────────────┤
│                       0      │                          0.001  │
│                       0.0044 │                          0.0345 │
│                       0.0198 │                          0.0694 │
│                       0.0561 │                          0.1    │
└──────────────────────────────┴─────────────────────────────────┘
┌──────────────────────────────┬─────────────────────────────────┐
│   Label vector 16 thresholds │   Label vector 16 probabilities │
├──────────────────────────────┼─────────────────────────────────┤
│                       0      │                          0      │
│                       0.0435 │                          0.0714 │
│                       0.1401 │                          0.1667 │
└──────────────────────────────┴─────────────────────────────────┘
┌──────────────────────────────┬─────────────────────────────────┐
│   Label vector 17 thresholds │   Label vector 17 probabilities │
├──────────────────────────────┼─────────────────────────────────┤
│                       0      │                             0   │
│                       0.0411 │                             0.5 │
└──────────────────────────────┴─────────────────────────────────┘
┌──────────────────────────────┬─────────────────────────────────┐
│   Label vector 18 thresholds │   Label vector 18 probabilities │
├──────────────────────────────┼─────────────────────────────────┤
│                            0 │                               0 │
└──────────────────────────────┴─────────────────────────────────┘
┌──────────────────────────────┬─────────────────────────────────┐
│   Label vector 19 thresholds │   Label vector 19 probabilities │
├──────────────────────────────┼─────────────────────────────────┤
│                       0      │                          0      │
│                       0.0208 │                          0.0871 │
│                       0.208  │                          1      │
└──────────────────────────────┴─────────────────────────────────┘
┌──────────────────────────────┬─────────────────────────────────┐
│   Label vector 20 thresholds │   Label vector 20 probabilities │
├──────────────────────────────┼─────────────────────────────────┤
│                       0      │                          0      │
│                       0.0135 │                          0.0313 │
└──────────────────────────────┴─────────────────────────────────┘
┌──────────────────────────────┬─────────────────────────────────┐
│   Label vector 21 thresholds │   Label vector 21 probabilities │
├──────────────────────────────┼─────────────────────────────────┤
│                            0 │                               0 │
└──────────────────────────────┴─────────────────────────────────┘
┌──────────────────────────────┬─────────────────────────────────┐
│   Label vector 22 thresholds │   Label vector 22 probabilities │
├──────────────────────────────┼─────────────────────────────────┤
│                            0 │                               0 │
└──────────────────────────────┴─────────────────────────────────┘
┌──────────────────────────────┬─────────────────────────────────┐
│   Label vector 23 thresholds │   Label vector 23 probabilities │
├──────────────────────────────┼─────────────────────────────────┤
│                       0      │                          0.0145 │
│                       0.0003 │                          0.0204 │
│                       0.0052 │                          0.0357 │
│                       0.1125 │                          0.3333 │
│                       0.2246 │                          1      │
└──────────────────────────────┴─────────────────────────────────┘

DEBUG Writing output data to file "python/tests/res/tmp/results/joint_probability_calibration_model.csv"...
DEBUG Writing output data to file "python/tests/res/tmp/models/model.pickle"...
INFO Label vectors:

┌─────────┬────────────────┬─────────────┐
│   Index │ Label vector   │   Frequency │
├─────────┼────────────────┼─────────────┤
│      12 │ [1 0 0 0 0 1]  │          52 │
│       5 │ [0 0 0 0 0 1]  │          50 │
│       9 │ [0 1 1 0 0 0]  │          44 │
│       1 │ [0 0 1 1 1 0]  │          42 │
│       4 │ [0 0 1 0 0 0]  │          30 │
│       8 │ [1 1 0 0 0 0]  │          26 │
│       6 │ [0 0 0 1 1 0]  │          25 │
│      11 │ [0 0 1 0 1 0]  │          20 │
│       3 │ [0 0 1 1 0 0]  │          19 │
│      10 │ [0 1 0 0 0 0]  │          18 │
│      14 │ [1 0 0 0 0 0]  │          17 │
│      15 │ [0 0 0 0 1 0]  │          10 │
│       2 │ [0 0 0 0 1 1]  │           8 │
│      13 │ [1 1 0 0 0 1]  │           7 │
│      16 │ [1 1 1 0 0 0]  │           7 │
│       7 │ [0 1 0 0 0 1]  │           5 │
│      19 │ [0 1 1 1 0 0]  │           5 │
│      17 │ [0 0 1 0 1 1]  │           3 │
│      23 │ [0 0 0 1 0 0]  │           3 │
│      18 │ [1 0 0 0 1 1]  │           2 │
│      20 │ [1 0 0 0 1 0]  │           2 │
│      21 │ [0 0 0 1 1 1]  │           1 │
│      22 │ [0 0 1 0 0 1]  │           1 │
└─────────┴────────────────┴─────────────┘

INFO Successfully finished after <duration>
