mlrl-testbed mlrl.boosting --log-level debug --data-dir python/tests/res/data --dataset atp7d --base-dir python/tests/res/tmp --result-dir results --save-evaluation true --problem-type regression --loss squared-error-non-decomposable --statistic-type 64-bit --head-type complete --print-model-characteristics true
INFO Starting experiment using the regression algorithm "BoomerRegressor"...
INFO Using separate training and test sets...
DEBUG Reading input data from file "python/tests/res/data/atp7d.arff"...
DEBUG Parsing meta-data from file "python/tests/res/data/atp7d.xml"...
INFO Fitting model to 198 training examples...
DEBUG A dense matrix is used to store the feature values of the training examples
DEBUG A dense matrix is used to store the regression scores of the training examples
INFO Successfully fit model in <duration>
INFO Predicting for 98 test examples...
DEBUG A dense matrix is used to store the feature values of the query examples
DEBUG A dense matrix is used to store the predicted scores
INFO Successfully predicted in <duration>
INFO Evaluation result for test data:

Mean Absolute Error                359.31
Mean Absolute Percentage Error       1
Mean Squared Error              145899
Median Absolute Error              324

DEBUG Writing output data to file "python/tests/res/tmp/results/evaluation_test.csv"...
INFO Model characteristics:

┌───────────────────────────────┬─────────┬─────────────────────────┬────────────────────────┬───────────────────────┬──────────────────────┬───────────────────────┬───────────────────────┐
│ Statistics about conditions   │   Total │   Numerical <= operator │   Numerical > operator │   Ordinal <= operator │   Ordinal > operator │   Nominal == operator │   Nominal != operator │
├───────────────────────────────┼─────────┼─────────────────────────┼────────────────────────┼───────────────────────┼──────────────────────┼───────────────────────┼───────────────────────┤
│ Default rule                  │       0 │                   0.00% │                  0.00% │                 0.00% │                0.00% │                 0.00% │                 0.00% │
│ 0 local rules                 │       0 │                   0.00% │                  0.00% │                 0.00% │                0.00% │                 0.00% │                 0.00% │
└───────────────────────────────┴─────────┴─────────────────────────┴────────────────────────┴───────────────────────┴──────────────────────┴───────────────────────┴───────────────────────┘

┌────────────────────────────────┬─────────┬────────────┬────────────┐
│ Statistics about predictions   │   Total │   Positive │   Negative │
├────────────────────────────────┼─────────┼────────────┼────────────┤
│ Default rule                   │       6 │      0.00% │    100.00% │
│ 0 local rules                  │       0 │      0.00% │    100.00% │
└────────────────────────────────┴─────────┴────────────┴────────────┘

┌─────────────────────────────┬───────────┬───────────┬───────────┐
│ Statistics per local rule   │   Minimum │   Average │   Maximum │
├─────────────────────────────┼───────────┼───────────┼───────────┤
│ Conditions                  │         0 │         0 │         0 │
│ Predictions                 │         0 │         0 │         0 │
└─────────────────────────────┴───────────┴───────────┴───────────┘

INFO Successfully finished after <duration>
