mlrl-testbed mlrl.boosting --log-level debug --data-dir python/tests/res/data --dataset emotions-ordinal --output-dir python/tests/res/tmp/results --store-evaluation true --feature-format sparse
INFO Starting experiment using the classification algorithm "BoomerClassifier"...
INFO Using separate training and test sets...
DEBUG Reading input data from file "python/tests/res/data/emotions-ordinal.arff"...
DEBUG Parsing meta-data from file "python/tests/res/data/emotions-ordinal.xml"...
INFO Fitting model to 397 training examples...
DEBUG A sparse matrix with sparse value 0.0 is used to store the feature values of the training examples
DEBUG A dense matrix is used to store the labels of the training examples
INFO Successfully fit model in <duration>
INFO Predicting for 196 test examples...
DEBUG A sparse matrix with sparse value 0.0 is used to store the feature values of the query examples
DEBUG A dense matrix is used to store the predicted labels
INFO Successfully predicted in <duration>
INFO Evaluation result for test data:

Example-wise F1         61.87
Example-wise Jaccard    54.42
Example-wise Precision  77.72
Example-wise Recall     61.9
Hamming Accuracy        81.38
Hamming Loss            18.62
Macro F1                66.08
Macro Jaccard           50.21
Macro Precision         75.7
Macro Recall            59.99
Micro F1                67.65
Micro Jaccard           51.12
Micro Precision         75.83
Micro Recall            61.07
Subset 0/1 Loss         69.39
Subset Accuracy         30.61

DEBUG Writing output data to file "python/tests/res/tmp/results/evaluation_test.csv"...
INFO Successfully finished after <duration>
