mlrl-testbed mlrl.boosting --log-level debug --data-dir python/tests/res/data --dataset emotions --base-dir python/tests/res/tmp --result-dir results --save-evaluation true --loss squared-error-decomposable --statistic-type 32-bit
Starting experiment using the classification algorithm "BoomerClassifier"...
Using separate training and test sets...
Reading input data from file "python/tests/res/data/emotions.arff"...
Parsing meta-data from file "python/tests/res/data/emotions.xml"...
Fitting model to 397 training examples...
A dense matrix is used to store the feature values of the training examples
A dense matrix is used to store the labels of the training examples
Successfully fit model in <duration>
Predicting for 196 test examples...
A dense matrix is used to store the feature values of the query examples
A dense matrix is used to store the predicted labels
Successfully predicted in <duration>
Evaluation result for test data:

Example-wise F1         56.22
Example-wise Jaccard    47.79
Example-wise Precision  77.81
Example-wise Recall     55.7
Hamming Accuracy        79.51
Hamming Loss            20.49
Macro F1                61.46
Macro Jaccard           45.42
Macro Precision         72.93
Macro Recall            54.13
Micro F1                63.32
Micro Jaccard           46.33
Micro Precision         73.76
Micro Recall            55.47
Subset 0/1 Loss         79.08
Subset Accuracy         20.92

Writing output data to file "python/tests/res/tmp/results/evaluation_test.csv"...
Successfully finished experiment after <duration>
