mlrl-testbed mlrl.boosting --log-level debug --data-dir python/tests/res/data --dataset emotions --base-dir python/tests/res/tmp --result-dir results --save-evaluation true --data-split cross-validation --print-evaluation false --save-evaluation false --print-data-characteristics true --save-data-characteristics true
INFO Starting experiment using the classification algorithm "BoomerClassifier"...
INFO Performing full 10-fold cross validation...
INFO Fold 1 / 10:
DEBUG Reading input data from file "python/tests/res/data/emotions.arff"...
DEBUG Parsing meta-data from file "python/tests/res/data/emotions.xml"...
INFO Data characteristics (Fold 1):

Examples                533
Features                 72
Numerical Features       72
Ordinal Features          0
Nominal Features          0
Feature Density          99.67
Feature Sparsity          0.33
Outputs                   6
Output Density           30.99
Output Sparsity          69.01
Label Imbalance Ratio     1.48
Label Cardinality         1.86
Distinct Label Vectors   26

DEBUG Writing output data to file "python/tests/res/tmp/results/data_characteristics_fold-1.csv"...
INFO Fitting model to 533 training examples...
DEBUG A dense matrix is used to store the feature values of the training examples
DEBUG A dense matrix is used to store the labels of the training examples
INFO Successfully fit model in <duration>
INFO Fold 2 / 10:
INFO Data characteristics (Fold 2):

Examples                533
Features                 72
Numerical Features       72
Ordinal Features          0
Nominal Features          0
Feature Density          99.67
Feature Sparsity          0.33
Outputs                   6
Output Density           30.89
Output Sparsity          69.11
Label Imbalance Ratio     1.45
Label Cardinality         1.85
Distinct Label Vectors   26

DEBUG Writing output data to file "python/tests/res/tmp/results/data_characteristics_fold-2.csv"...
INFO Fitting model to 533 training examples...
DEBUG A dense matrix is used to store the feature values of the training examples
DEBUG A dense matrix is used to store the labels of the training examples
INFO Successfully fit model in <duration>
INFO Fold 3 / 10:
INFO Data characteristics (Fold 3):

Examples                533
Features                 72
Numerical Features       72
Ordinal Features          0
Nominal Features          0
Feature Density          99.68
Feature Sparsity          0.32
Outputs                   6
Output Density           31.08
Output Sparsity          68.92
Label Imbalance Ratio     1.48
Label Cardinality         1.86
Distinct Label Vectors   26

DEBUG Writing output data to file "python/tests/res/tmp/results/data_characteristics_fold-3.csv"...
INFO Fitting model to 533 training examples...
DEBUG A dense matrix is used to store the feature values of the training examples
DEBUG A dense matrix is used to store the labels of the training examples
INFO Successfully fit model in <duration>
INFO Fold 4 / 10:
INFO Data characteristics (Fold 4):

Examples                534
Features                 72
Numerical Features       72
Ordinal Features          0
Nominal Features          0
Feature Density          99.67
Feature Sparsity          0.33
Outputs                   6
Output Density           31.4
Output Sparsity          68.6
Label Imbalance Ratio     1.49
Label Cardinality         1.88
Distinct Label Vectors   27

DEBUG Writing output data to file "python/tests/res/tmp/results/data_characteristics_fold-4.csv"...
INFO Fitting model to 534 training examples...
DEBUG A dense matrix is used to store the feature values of the training examples
DEBUG A dense matrix is used to store the labels of the training examples
INFO Successfully fit model in <duration>
INFO Fold 5 / 10:
INFO Data characteristics (Fold 5):

Examples                534
Features                 72
Numerical Features       72
Ordinal Features          0
Nominal Features          0
Feature Density          99.67
Feature Sparsity          0.33
Outputs                   6
Output Density           30.99
Output Sparsity          69.01
Label Imbalance Ratio     1.5
Label Cardinality         1.86
Distinct Label Vectors   27

DEBUG Writing output data to file "python/tests/res/tmp/results/data_characteristics_fold-5.csv"...
INFO Fitting model to 534 training examples...
DEBUG A dense matrix is used to store the feature values of the training examples
DEBUG A dense matrix is used to store the labels of the training examples
INFO Successfully fit model in <duration>
INFO Fold 6 / 10:
INFO Data characteristics (Fold 6):

Examples                534
Features                 72
Numerical Features       72
Ordinal Features          0
Nominal Features          0
Feature Density          99.68
Feature Sparsity          0.32
Outputs                   6
Output Density           31.34
Output Sparsity          68.66
Label Imbalance Ratio     1.5
Label Cardinality         1.88
Distinct Label Vectors   27

DEBUG Writing output data to file "python/tests/res/tmp/results/data_characteristics_fold-6.csv"...
INFO Fitting model to 534 training examples...
DEBUG A dense matrix is used to store the feature values of the training examples
DEBUG A dense matrix is used to store the labels of the training examples
INFO Successfully fit model in <duration>
INFO Fold 7 / 10:
INFO Data characteristics (Fold 7):

Examples                534
Features                 72
Numerical Features       72
Ordinal Features          0
Nominal Features          0
Feature Density          99.66
Feature Sparsity          0.34
Outputs                   6
Output Density           31.27
Output Sparsity          68.73
Label Imbalance Ratio     1.45
Label Cardinality         1.88
Distinct Label Vectors   27

DEBUG Writing output data to file "python/tests/res/tmp/results/data_characteristics_fold-7.csv"...
INFO Fitting model to 534 training examples...
DEBUG A dense matrix is used to store the feature values of the training examples
DEBUG A dense matrix is used to store the labels of the training examples
INFO Successfully fit model in <duration>
INFO Fold 8 / 10:
INFO Data characteristics (Fold 8):

Examples                534
Features                 72
Numerical Features       72
Ordinal Features          0
Nominal Features          0
Feature Density          99.67
Feature Sparsity          0.33
Outputs                   6
Output Density           31.24
Output Sparsity          68.76
Label Imbalance Ratio     1.5
Label Cardinality         1.87
Distinct Label Vectors   27

DEBUG Writing output data to file "python/tests/res/tmp/results/data_characteristics_fold-8.csv"...
INFO Fitting model to 534 training examples...
DEBUG A dense matrix is used to store the feature values of the training examples
DEBUG A dense matrix is used to store the labels of the training examples
INFO Successfully fit model in <duration>
INFO Fold 9 / 10:
INFO Data characteristics (Fold 9):

Examples                534
Features                 72
Numerical Features       72
Ordinal Features          0
Nominal Features          0
Feature Density          99.67
Feature Sparsity          0.33
Outputs                   6
Output Density           31.05
Output Sparsity          68.95
Label Imbalance Ratio     1.45
Label Cardinality         1.86
Distinct Label Vectors   26

DEBUG Writing output data to file "python/tests/res/tmp/results/data_characteristics_fold-9.csv"...
INFO Fitting model to 534 training examples...
DEBUG A dense matrix is used to store the feature values of the training examples
DEBUG A dense matrix is used to store the labels of the training examples
INFO Successfully fit model in <duration>
INFO Fold 10 / 10:
INFO Data characteristics (Fold 10):

Examples                534
Features                 72
Numerical Features       72
Ordinal Features          0
Nominal Features          0
Feature Density          99.67
Feature Sparsity          0.33
Outputs                   6
Output Density           31.15
Output Sparsity          68.85
Label Imbalance Ratio     1.49
Label Cardinality         1.87
Distinct Label Vectors   27

DEBUG Writing output data to file "python/tests/res/tmp/results/data_characteristics_fold-10.csv"...
INFO Fitting model to 534 training examples...
DEBUG A dense matrix is used to store the feature values of the training examples
DEBUG A dense matrix is used to store the labels of the training examples
INFO Successfully fit model in <duration>
INFO Successfully finished after <duration>
