mlrl-testbed mlrl.boosting --log-level debug --data-dir python/tests/res/data --dataset emotions --result-dir python/tests/res/tmp/results --save-evaluation true --instance-sampling without-replacement
INFO Starting experiment using the classification algorithm "BoomerClassifier"...
INFO Using separate training and test sets...
DEBUG Reading input data from file "python/tests/res/data/emotions.arff"...
DEBUG Parsing meta-data from file "python/tests/res/data/emotions.xml"...
INFO Fitting model to 397 training examples...
DEBUG A dense matrix is used to store the feature values of the training examples
DEBUG A dense matrix is used to store the labels of the training examples
INFO Successfully fit model in <duration>
INFO Predicting for 196 test examples...
DEBUG A dense matrix is used to store the feature values of the query examples
DEBUG A dense matrix is used to store the predicted labels
INFO Successfully predicted in <duration>
INFO Evaluation result for test data:

Example-wise F1         58.84
Example-wise Jaccard    51.66
Example-wise Precision  80.1
Example-wise Recall     59.18
Hamming Accuracy        80.95
Hamming Loss            19.05
Macro F1                64.07
Macro Jaccard           48.34
Macro Precision         76.52
Macro Recall            57.6
Micro F1                66.37
Micro Jaccard           49.66
Micro Precision         75.95
Micro Recall            58.93
Subset 0/1 Loss         70.41
Subset Accuracy         29.59

DEBUG Writing output data to file "python/tests/res/tmp/results/evaluation_test.csv"...
INFO Successfully finished after <duration>
