mlrl-testbed mlrl.boosting --mode read --log-level debug --base-dir python/tests/res/tmp/rerun --input-dir python/tests/res/tmp --save-evaluation true --print-evaluation false --save-evaluation false --print-predictions true --save-predictions true
Reading meta-data...
Reading input data from file "python/tests/res/tmp/metadata.yml"...
Successfully read meta-data
Checking for version conflicts...
Experimental results have been created with version "<version>" of the package "mlrl-testbed", version "<version>" is currently used
No version conflicts detected
Reading experimental results of 1 experiment...

Reading experimental results of experiment (1 / 1)...
The command "mlrl-testbed mlrl.boosting --log-level debug --base-dir python/tests/res/tmp --data-dir python/tests/res/data --dataset emotions --result-dir results --save-evaluation true --data-split cross-validation --print-evaluation false --save-evaluation false --print-predictions true --print-ground-truth true --save-predictions true --save-ground-truth true" has been used originally for running this experiment
Performing full 10-fold cross validation...
Fold 1 / 10:
Reading input data from file "python/tests/res/tmp/results/predictions_test_fold-1.arff"...
Parsing meta-data from file "python/tests/res/tmp/results/predictions_test_fold-1.xml"...
Predictions for test data (Fold 1):

[[0 0 1 0 0 0]
 [0 0 1 1 1 0]
 [0 0 0 0 0 1]
 [1 0 0 0 0 1]
 [0 0 1 0 0 0]
 [0 0 0 0 0 1]
 [0 0 0 0 0 1]
 [0 0 1 0 0 0]
 [1 0 0 0 0 0]
 [1 0 0 0 0 1]
 [0 0 1 0 0 1]
 [0 0 1 0 0 0]
 [0 0 0 0 0 0]
 [0 0 1 0 0 0]
 [0 0 0 0 0 1]
 [0 0 0 0 0 1]
 [0 0 1 0 0 0]
 [0 0 1 0 0 0]
 [0 1 1 0 0 0]
 [0 0 0 0 0 0]
 [0 1 1 1 0 0]
 [1 0 0 0 0 1]
 [1 0 0 0 0 1]
 [0 0 1 0 0 0]
 [1 1 0 0 0 0]
 [1 0 0 0 0 1]
 [0 0 1 1 0 0]
 [0 0 0 0 0 1]
 [1 0 0 0 0 1]
 [1 0 0 0 0 1]
 [0 0 0 1 1 0]
 [0 0 0 0 0 1]
 [0 0 1 0 0 0]
 [0 1 1 0 0 0]
 [0 1 0 0 0 0]
 [1 0 0 0 0 0]
 [0 0 1 1 1 0]
 [0 0 1 1 1 0]
 [0 0 1 1 1 0]
 [0 0 1 1 0 0]
 [0 0 1 1 1 0]
 [1 0 0 0 0 1]
 [1 0 0 0 0 1]
 [0 1 0 0 0 0]
 [0 0 1 1 1 0]
 [0 0 0 0 0 1]
 [0 0 1 0 0 0]
 [0 0 1 0 0 0]
 [0 0 1 1 0 0]
 [0 0 1 1 0 0]
 [0 1 1 0 0 0]
 [1 0 0 0 0 1]
 [0 1 1 0 0 0]
 [0 0 0 0 0 1]
 [0 0 0 0 0 1]
 [0 0 1 1 1 0]
 [0 1 1 0 0 0]
 [1 0 0 0 0 1]
 [0 0 1 1 1 0]
 [0 0 1 1 1 0]]

Writing output data to file "python/tests/res/tmp/rerun/results/predictions_test_fold-1.arff"...
Fold 2 / 10:
Reading input data from file "python/tests/res/tmp/results/predictions_test_fold-2.arff"...
Parsing meta-data from file "python/tests/res/tmp/results/predictions_test_fold-2.xml"...
Predictions for test data (Fold 2):

[[0 0 1 0 0 0]
 [0 0 1 0 0 0]
 [0 0 1 1 1 0]
 [0 0 0 0 0 0]
 [0 0 1 0 0 0]
 [1 0 0 0 0 1]
 [1 0 0 0 0 1]
 [0 0 0 0 0 0]
 [0 0 1 0 0 0]
 [1 0 0 0 0 1]
 [0 0 1 0 0 0]
 [0 0 0 1 0 0]
 [0 0 0 0 0 1]
 [0 1 1 0 0 0]
 [1 0 0 0 0 1]
 [0 0 1 1 1 0]
 [0 0 1 1 1 0]
 [0 0 0 1 1 0]
 [1 0 0 0 0 1]
 [1 0 0 0 0 1]
 [1 0 0 0 0 1]
 [0 0 1 1 0 0]
 [0 1 1 0 0 0]
 [0 0 0 0 0 0]
 [0 0 1 1 0 0]
 [0 0 0 0 0 1]
 [0 0 1 0 0 1]
 [0 0 0 0 0 1]
 [1 0 0 0 0 1]
 [0 0 0 1 1 0]
 [0 0 0 0 0 0]
 [0 0 1 1 1 0]
 [0 0 0 0 0 1]
 [0 0 0 0 0 0]
 [0 0 1 0 0 0]
 [0 0 1 0 0 0]
 [0 1 1 0 0 0]
 [1 0 0 0 0 0]
 [0 0 1 1 1 0]
 [0 0 1 1 0 0]
 [0 0 1 1 1 0]
 [1 0 0 0 0 1]
 [0 1 1 0 0 0]
 [0 0 0 1 1 0]
 [0 0 0 1 0 0]
 [1 0 0 0 0 1]
 [1 1 0 0 0 0]
 [0 1 0 0 0 0]
 [0 1 0 0 0 0]
 [0 0 1 0 0 0]
 [1 0 0 0 0 1]
 [0 0 1 1 1 0]
 [0 0 1 0 0 0]
 [0 1 0 0 0 0]
 [0 0 1 1 0 0]
 [0 0 1 1 0 0]
 [0 0 1 0 0 0]
 [0 0 0 1 1 0]
 [0 0 1 0 0 0]
 [1 0 0 0 0 1]]

Writing output data to file "python/tests/res/tmp/rerun/results/predictions_test_fold-2.arff"...
Fold 3 / 10:
Reading input data from file "python/tests/res/tmp/results/predictions_test_fold-3.arff"...
Parsing meta-data from file "python/tests/res/tmp/results/predictions_test_fold-3.xml"...
Predictions for test data (Fold 3):

[[0 0 0 1 0 0]
 [0 0 1 1 1 0]
 [0 0 1 1 1 0]
 [0 0 0 0 0 0]
 [1 0 0 0 0 1]
 [0 0 0 0 0 1]
 [0 0 1 1 1 0]
 [0 0 1 0 0 0]
 [0 0 0 0 0 0]
 [0 0 1 0 0 0]
 [0 0 1 1 1 0]
 [0 0 1 0 0 0]
 [0 0 0 0 0 1]
 [0 0 0 0 0 1]
 [0 1 1 0 0 0]
 [0 0 0 0 0 0]
 [1 0 0 0 0 1]
 [0 1 1 0 0 0]
 [0 0 1 0 0 0]
 [0 0 0 0 0 1]
 [0 0 1 0 1 0]
 [0 1 1 0 0 0]
 [0 0 0 0 0 1]
 [1 0 0 0 0 1]
 [1 0 0 0 0 1]
 [0 0 1 1 1 0]
 [0 1 1 0 0 0]
 [0 0 0 0 0 1]
 [0 0 1 0 0 0]
 [1 1 1 0 0 0]
 [0 0 0 0 0 1]
 [1 0 0 0 0 1]
 [0 0 0 0 0 1]
 [0 0 1 1 0 0]
 [1 0 0 0 0 1]
 [0 0 1 1 1 0]
 [0 0 1 1 1 0]
 [0 1 1 0 0 0]
 [0 0 1 1 1 0]
 [1 0 0 0 0 0]
 [1 0 0 0 0 1]
 [1 0 0 0 0 1]
 [0 0 0 0 0 1]
 [0 0 1 0 0 1]
 [0 1 1 0 0 0]
 [0 1 0 0 0 1]
 [1 0 0 0 0 1]
 [0 1 1 0 0 0]
 [0 1 1 0 0 0]
 [0 0 1 1 1 0]
 [1 0 0 0 0 1]
 [0 0 0 0 0 1]
 [0 1 0 0 0 1]
 [0 0 0 0 0 0]
 [0 0 0 0 0 1]
 [0 0 1 0 1 0]
 [1 0 0 0 0 1]
 [0 0 0 0 0 1]
 [0 0 1 1 1 0]
 [0 0 0 1 1 0]]

Writing output data to file "python/tests/res/tmp/rerun/results/predictions_test_fold-3.arff"...
Fold 4 / 10:
Reading input data from file "python/tests/res/tmp/results/predictions_test_fold-4.arff"...
Parsing meta-data from file "python/tests/res/tmp/results/predictions_test_fold-4.xml"...
Predictions for test data (Fold 4):

[[1 1 0 0 0 0]
 [0 0 1 0 0 0]
 [0 0 0 0 0 1]
 [0 0 0 0 0 1]
 [1 0 0 0 0 1]
 [1 0 0 0 0 0]
 [0 0 0 0 0 1]
 [1 0 0 0 0 1]
 [0 0 1 1 1 0]
 [0 0 0 0 0 1]
 [0 0 0 0 0 1]
 [0 0 1 0 0 0]
 [0 0 0 0 0 0]
 [0 0 1 1 1 0]
 [0 0 0 0 1 0]
 [1 0 0 0 0 1]
 [0 0 1 0 0 0]
 [1 0 0 0 0 1]
 [0 0 0 0 0 0]
 [0 1 0 0 0 0]
 [0 0 1 0 0 0]
 [0 0 1 0 0 1]
 [0 1 0 0 0 0]
 [0 0 1 0 0 1]
 [1 0 0 0 0 1]
 [0 0 1 1 1 0]
 [0 0 0 0 0 1]
 [0 0 1 0 0 0]
 [0 1 1 0 0 0]
 [0 0 0 0 0 0]
 [0 0 1 1 0 0]
 [0 0 1 1 1 0]
 [0 1 1 0 0 0]
 [1 0 0 0 0 0]
 [0 0 1 0 0 0]
 [1 1 1 0 0 0]
 [0 0 0 1 1 0]
 [0 0 1 0 0 0]
 [0 0 1 1 0 0]
 [0 0 1 0 0 0]
 [0 0 1 1 0 0]
 [0 0 1 0 0 0]
 [0 0 0 0 0 1]
 [0 0 1 1 1 0]
 [0 0 1 0 1 0]
 [0 0 1 0 0 0]
 [0 0 1 1 1 0]
 [0 0 0 0 0 0]
 [0 0 0 0 0 1]
 [0 0 0 0 0 0]
 [0 0 1 0 1 0]
 [0 1 0 0 0 0]
 [1 0 0 0 0 1]
 [0 0 0 0 1 0]
 [0 0 1 0 1 0]
 [0 0 0 0 0 0]
 [0 0 0 1 1 0]
 [0 1 1 0 0 0]
 [0 0 1 0 0 0]]

Writing output data to file "python/tests/res/tmp/rerun/results/predictions_test_fold-4.arff"...
Fold 5 / 10:
Reading input data from file "python/tests/res/tmp/results/predictions_test_fold-5.arff"...
Parsing meta-data from file "python/tests/res/tmp/results/predictions_test_fold-5.xml"...
Predictions for test data (Fold 5):

[[1 0 0 0 0 1]
 [0 0 0 0 0 1]
 [1 0 0 0 0 1]
 [0 0 0 0 0 0]
 [0 0 1 1 1 0]
 [1 0 0 0 0 1]
 [0 1 1 0 0 0]
 [0 0 0 0 0 1]
 [1 0 0 0 0 1]
 [0 0 0 0 0 0]
 [1 0 0 0 0 0]
 [0 0 1 0 0 0]
 [0 0 0 0 0 1]
 [1 0 0 0 0 1]
 [0 1 1 0 0 0]
 [0 1 1 0 0 0]
 [0 1 1 0 0 0]
 [0 0 1 1 1 0]
 [1 0 0 0 0 0]
 [0 0 0 0 0 0]
 [1 0 0 0 0 1]
 [0 0 1 0 0 0]
 [1 0 0 0 0 1]
 [1 0 0 0 0 1]
 [1 1 0 0 0 0]
 [0 0 1 1 0 0]
 [1 0 0 0 0 1]
 [0 0 1 0 0 0]
 [0 0 1 0 1 0]
 [1 0 0 0 0 1]
 [0 0 1 1 1 0]
 [0 0 0 0 0 1]
 [0 0 1 1 1 0]
 [1 0 0 0 0 1]
 [0 0 0 1 1 0]
 [0 0 1 0 1 0]
 [0 0 1 0 1 0]
 [0 0 1 0 0 0]
 [0 1 1 0 0 0]
 [0 0 1 1 1 0]
 [1 0 0 0 0 0]
 [0 0 0 0 0 0]
 [0 0 1 0 0 0]
 [1 0 0 0 0 1]
 [0 0 1 1 1 0]
 [1 0 0 0 0 1]
 [0 0 1 1 1 0]
 [0 0 0 0 0 1]
 [0 1 1 0 0 0]
 [1 0 0 0 0 0]
 [0 0 1 0 0 0]
 [0 0 1 0 1 0]
 [1 0 0 0 0 1]
 [1 0 0 0 0 0]
 [1 0 0 0 0 1]
 [0 0 1 1 0 0]
 [0 0 1 0 0 0]
 [1 1 0 0 0 0]
 [0 0 1 1 1 0]]

Writing output data to file "python/tests/res/tmp/rerun/results/predictions_test_fold-5.arff"...
Fold 6 / 10:
Reading input data from file "python/tests/res/tmp/results/predictions_test_fold-6.arff"...
Parsing meta-data from file "python/tests/res/tmp/results/predictions_test_fold-6.xml"...
Predictions for test data (Fold 6):

[[0 0 1 1 1 0]
 [0 0 1 0 0 1]
 [0 0 1 0 0 0]
 [0 0 0 0 0 0]
 [1 0 0 0 0 1]
 [0 0 1 0 0 0]
 [0 0 1 1 1 0]
 [1 0 0 0 0 1]
 [1 0 0 0 0 1]
 [1 0 0 0 0 0]
 [1 0 0 0 0 1]
 [0 0 1 0 0 0]
 [1 0 0 0 0 1]
 [0 0 0 0 0 1]
 [1 0 0 0 0 0]
 [0 0 1 1 0 0]
 [0 1 1 0 0 0]
 [1 1 0 0 0 0]
 [0 0 0 0 0 1]
 [0 0 1 0 0 0]
 [0 0 0 0 0 1]
 [0 0 0 1 1 0]
 [0 0 0 0 1 0]
 [0 0 1 0 0 0]
 [1 0 0 0 0 1]
 [0 0 0 0 0 1]
 [0 0 1 1 0 0]
 [0 0 1 1 1 0]
 [0 0 1 1 0 0]
 [0 0 1 1 1 0]
 [0 0 1 1 1 0]
 [0 0 0 0 0 1]
 [0 0 1 1 0 0]
 [1 0 0 0 0 1]
 [1 1 0 0 0 0]
 [0 0 1 0 0 0]
 [0 0 1 1 1 0]
 [0 0 1 0 0 0]
 [0 0 0 0 0 0]
 [0 1 1 0 0 0]
 [0 0 1 1 1 0]
 [1 1 0 0 0 0]
 [0 0 0 0 0 0]
 [0 0 1 0 0 0]
 [0 0 1 1 0 0]
 [0 0 0 1 1 0]
 [0 0 0 0 0 1]
 [1 0 0 0 0 1]
 [1 0 0 0 0 1]
 [0 0 0 0 0 1]
 [0 0 0 0 0 1]
 [0 0 1 0 0 1]
 [1 1 1 0 0 0]
 [1 0 0 0 0 1]
 [0 0 1 1 1 0]
 [0 0 0 0 0 0]
 [0 0 0 0 0 1]
 [0 0 0 0 0 0]
 [1 1 0 0 0 0]]

Writing output data to file "python/tests/res/tmp/rerun/results/predictions_test_fold-6.arff"...
Fold 7 / 10:
Reading input data from file "python/tests/res/tmp/results/predictions_test_fold-7.arff"...
Parsing meta-data from file "python/tests/res/tmp/results/predictions_test_fold-7.xml"...
Predictions for test data (Fold 7):

[[0 0 0 0 0 1]
 [0 0 0 0 0 1]
 [1 0 0 0 0 1]
 [1 0 0 0 0 0]
 [0 0 1 1 1 0]
 [1 0 0 0 0 1]
 [0 0 0 0 0 1]
 [0 0 0 0 0 1]
 [0 0 0 0 0 1]
 [0 0 1 1 1 0]
 [0 0 1 1 1 0]
 [0 0 0 0 0 0]
 [0 0 0 0 0 1]
 [0 0 1 0 0 0]
 [0 0 0 0 0 1]
 [0 0 1 1 1 0]
 [0 0 0 0 0 0]
 [0 0 0 0 0 0]
 [0 0 0 0 0 1]
 [1 0 0 0 0 1]
 [1 0 0 0 0 0]
 [0 0 0 0 0 0]
 [1 0 0 0 0 0]
 [1 0 0 0 0 1]
 [1 0 0 0 0 1]
 [0 1 1 0 0 0]
 [0 0 1 0 0 0]
 [0 1 1 0 0 0]
 [1 0 0 0 0 1]
 [0 0 1 1 0 0]
 [0 1 1 0 0 0]
 [0 1 1 0 0 0]
 [0 1 1 0 0 0]
 [0 0 1 0 1 0]
 [0 0 1 0 0 0]
 [0 0 1 0 0 0]
 [0 0 1 1 1 0]
 [0 0 1 1 1 0]
 [0 0 1 0 0 0]
 [0 0 0 0 0 1]
 [0 0 0 0 0 1]
 [0 0 0 1 1 0]
 [1 0 0 0 0 1]
 [0 0 1 1 1 0]
 [0 0 1 0 1 0]
 [0 0 1 1 0 0]
 [0 0 1 0 0 0]
 [0 0 1 1 1 0]
 [0 0 1 1 0 0]
 [0 1 0 0 0 0]
 [0 0 1 0 0 0]
 [0 0 1 1 1 0]
 [0 1 1 0 0 0]
 [0 0 0 1 1 0]
 [1 0 0 0 0 0]
 [0 0 1 0 0 0]
 [0 0 0 0 0 1]
 [0 1 0 0 0 1]
 [0 0 0 0 0 1]]

Writing output data to file "python/tests/res/tmp/rerun/results/predictions_test_fold-7.arff"...
Fold 8 / 10:
Reading input data from file "python/tests/res/tmp/results/predictions_test_fold-8.arff"...
Parsing meta-data from file "python/tests/res/tmp/results/predictions_test_fold-8.xml"...
Predictions for test data (Fold 8):

[[1 0 0 0 0 1]
 [0 0 0 0 0 1]
 [0 0 1 0 0 1]
 [1 0 0 0 0 1]
 [0 0 1 1 1 0]
 [1 1 0 0 0 1]
 [0 0 1 1 1 0]
 [1 0 0 0 0 1]
 [0 0 1 0 0 0]
 [1 0 0 0 0 1]
 [0 0 1 0 0 0]
 [1 0 0 0 0 1]
 [0 0 0 0 0 1]
 [1 0 0 0 0 1]
 [0 0 1 0 0 0]
 [0 0 1 0 0 0]
 [0 0 0 0 0 1]
 [1 0 0 0 0 0]
 [0 0 1 1 0 0]
 [0 0 0 0 0 1]
 [0 0 0 1 1 0]
 [0 0 0 0 0 0]
 [1 0 0 0 0 1]
 [1 0 0 0 0 1]
 [1 0 0 0 0 1]
 [1 1 0 0 0 0]
 [1 1 0 0 0 0]
 [0 1 1 0 0 0]
 [1 0 0 0 0 1]
 [1 0 0 0 0 0]
 [0 0 1 1 1 0]
 [1 0 0 0 0 0]
 [0 1 1 0 0 0]
 [0 0 1 1 1 0]
 [0 0 1 1 1 0]
 [0 1 1 0 0 0]
 [1 0 0 0 0 1]
 [1 0 0 0 0 1]
 [0 0 0 0 0 1]
 [0 0 1 1 1 0]
 [1 0 0 0 0 1]
 [0 1 0 0 0 0]
 [0 1 1 0 0 0]
 [1 0 0 0 0 1]
 [0 0 0 0 0 0]
 [0 0 1 0 0 0]
 [0 0 0 1 1 0]
 [0 0 1 1 1 0]
 [0 0 1 1 1 0]
 [0 0 1 1 1 0]
 [0 0 1 1 1 0]
 [0 0 1 1 1 0]
 [0 0 1 1 0 0]
 [0 0 1 0 0 0]
 [1 1 0 0 0 0]
 [0 0 1 1 1 0]
 [0 0 1 1 1 0]
 [1 0 0 0 0 0]
 [0 0 0 0 0 0]]

Writing output data to file "python/tests/res/tmp/rerun/results/predictions_test_fold-8.arff"...
Fold 9 / 10:
Reading input data from file "python/tests/res/tmp/results/predictions_test_fold-9.arff"...
Parsing meta-data from file "python/tests/res/tmp/results/predictions_test_fold-9.xml"...
Predictions for test data (Fold 9):

[[0 0 1 0 0 0]
 [1 0 0 0 0 1]
 [0 1 1 0 0 0]
 [0 0 1 1 1 0]
 [0 1 1 0 0 0]
 [0 0 0 0 0 1]
 [0 0 0 0 0 1]
 [0 0 1 0 0 0]
 [0 0 1 1 1 0]
 [1 0 0 0 0 1]
 [0 0 1 1 1 0]
 [0 0 1 0 0 1]
 [0 0 1 1 1 0]
 [0 0 1 0 0 0]
 [1 0 0 0 0 1]
 [0 0 0 0 0 0]
 [1 1 0 0 0 0]
 [0 0 1 1 1 0]
 [0 0 1 0 0 1]
 [0 1 1 0 0 0]
 [0 0 0 0 0 1]
 [0 1 1 0 0 0]
 [0 0 0 0 0 0]
 [0 0 0 0 0 1]
 [0 0 1 0 1 0]
 [0 0 1 0 0 0]
 [0 0 0 1 1 0]
 [1 1 1 0 0 0]
 [0 1 1 0 0 0]
 [1 0 0 0 0 1]
 [0 0 1 1 1 0]
 [0 0 1 1 1 0]
 [0 0 1 1 1 0]
 [0 1 1 0 0 0]
 [1 0 0 0 0 1]
 [0 0 1 0 0 0]
 [0 0 1 1 1 0]
 [0 0 1 0 0 1]
 [1 1 0 0 0 0]
 [0 1 1 0 0 0]
 [0 0 1 0 0 0]
 [0 0 0 0 0 1]
 [0 0 1 1 1 0]
 [1 0 0 0 0 1]
 [0 0 1 1 1 0]
 [0 0 1 1 0 0]
 [0 0 0 0 1 0]
 [0 0 0 1 1 0]
 [1 1 1 0 0 0]
 [0 0 0 1 1 0]
 [0 0 1 0 0 0]
 [0 0 1 1 1 0]
 [0 0 0 0 0 1]
 [0 0 0 0 1 1]
 [0 1 0 0 0 0]
 [0 0 1 0 0 0]
 [0 0 0 0 0 1]
 [0 0 1 1 0 0]
 [0 0 0 0 0 0]]

Writing output data to file "python/tests/res/tmp/rerun/results/predictions_test_fold-9.arff"...
Fold 10 / 10:
Reading input data from file "python/tests/res/tmp/results/predictions_test_fold-10.arff"...
Parsing meta-data from file "python/tests/res/tmp/results/predictions_test_fold-10.xml"...
Predictions for test data (Fold 10):

[[0 0 0 0 0 1]
 [1 0 0 0 0 1]
 [0 0 0 0 0 0]
 [0 0 0 0 0 0]
 [0 1 1 0 0 0]
 [0 1 1 0 0 0]
 [0 0 0 0 0 1]
 [0 0 1 1 1 0]
 [1 0 0 0 0 0]
 [0 0 0 0 0 0]
 [0 1 1 0 0 0]
 [0 1 0 0 0 0]
 [0 1 0 0 0 0]
 [0 0 1 0 0 0]
 [0 0 1 0 0 0]
 [0 0 1 0 0 0]
 [1 0 0 0 0 1]
 [1 0 0 0 0 0]
 [0 0 1 1 1 0]
 [0 0 0 0 0 1]
 [0 0 1 1 1 0]
 [0 0 1 1 1 0]
 [0 1 1 0 0 0]
 [0 0 0 0 0 1]
 [0 1 1 0 0 0]
 [1 0 0 0 0 0]
 [0 0 1 0 1 0]
 [0 1 1 0 0 0]
 [0 0 0 0 0 0]
 [0 0 0 0 0 1]
 [0 0 1 1 1 0]
 [0 0 0 0 0 1]
 [0 0 0 1 1 0]
 [0 0 1 0 0 0]
 [0 0 1 0 0 0]
 [1 0 0 0 0 1]
 [0 0 1 1 0 0]
 [1 0 0 0 0 1]
 [0 1 0 0 0 0]
 [1 1 0 0 0 0]
 [0 0 1 1 1 0]
 [0 0 0 0 0 1]
 [1 0 0 0 0 1]
 [0 0 1 1 1 0]
 [1 1 0 0 0 0]
 [0 0 1 0 0 0]
 [0 0 1 1 0 0]
 [0 0 0 1 1 0]
 [1 1 0 0 0 0]
 [0 0 1 0 1 0]
 [1 0 0 0 0 1]
 [1 0 0 0 0 1]
 [0 0 0 0 0 1]
 [1 0 0 0 0 1]
 [1 0 0 0 0 0]
 [0 0 1 0 0 0]
 [0 0 1 0 0 0]
 [0 0 0 0 0 1]
 [0 1 1 0 0 0]]

Writing output data to file "python/tests/res/tmp/rerun/results/predictions_test_fold-10.arff"...
