testbed mlrl.boosting --log-level DEBUG --data-dir python/tests/res/data --dataset emotions --output-dir python/tests/res/tmp/results --loss logistic-decomposable --head-type partial-fixed --label-binning equal-width --print-model-characteristics true
INFO Starting experiment using the classification algorithm "boomer"...
INFO Using separate training and test sets...
DEBUG Parsing meta-data from file "python/tests/res/data/emotions.xml"...
DEBUG Loading data set from file "python/tests/res/data/emotions.arff"...
INFO Fitting model to 397 training examples...
DEBUG A dense matrix is used to store the feature values of the training examples
DEBUG A dense matrix is used to store the labels of the training examples
INFO Successfully fit model in <duration>
INFO Predicting for 196 test examples...
DEBUG A dense matrix is used to store the feature values of the query examples
DEBUG A dense matrix is used to store the predicted labels
INFO Successfully predicted in <duration>
INFO Evaluation result for test data:

Example-wise F1         62.51
Example-wise Jaccard    55.57
Example-wise Precision  80.48
Example-wise Recall     63.18
Hamming Accuracy        82.14
Hamming Loss            17.86
Macro F1                66.79
Macro Jaccard           51.51
Macro Precision         76.67
Macro Recall            60.97
Micro F1                69.03
Micro Jaccard           52.7
Micro Precision         77.23
Micro Recall            62.4
Subset 0/1 Loss         66.33
Subset Accuracy         33.67

INFO Model characteristics:

┌───────────────────────────────┬─────────┬─────────────────────────┬────────────────────────┬───────────────────────┬──────────────────────┬───────────────────────┬───────────────────────┐
│ Statistics about conditions   │   Total │   Numerical <= operator │   Numerical > operator │   Ordinal <= operator │   Ordinal > operator │   Nominal == operator │   Nominal != operator │
├───────────────────────────────┼─────────┼─────────────────────────┼────────────────────────┼───────────────────────┼──────────────────────┼───────────────────────┼───────────────────────┤
│ Default rule                  │       0 │                   0.00% │                  0.00% │                 0.00% │                0.00% │                 0.00% │                 0.00% │
│ 999 local rules               │    5567 │                  54.73% │                 45.27% │                 0.00% │                0.00% │                 0.00% │                 0.00% │
└───────────────────────────────┴─────────┴─────────────────────────┴────────────────────────┴───────────────────────┴──────────────────────┴───────────────────────┴───────────────────────┘

┌────────────────────────────────┬─────────┬────────────┬────────────┐
│ Statistics about predictions   │   Total │   Positive │   Negative │
├────────────────────────────────┼─────────┼────────────┼────────────┤
│ Default rule                   │       6 │      0.00% │    100.00% │
│ 999 local rules                │    1998 │     39.59% │     60.41% │
└────────────────────────────────┴─────────┴────────────┴────────────┘

┌─────────────────────────────┬───────────┬───────────┬───────────┐
│ Statistics per local rule   │   Minimum │   Average │   Maximum │
├─────────────────────────────┼───────────┼───────────┼───────────┤
│ Conditions                  │         1 │      5.57 │        27 │
│ Predictions                 │         2 │      2    │         2 │
└─────────────────────────────┴───────────┴───────────┴───────────┘

INFO Successfully finished after <duration>
