mlrl-testbed mlrl.boosting --mode read --log-level debug --base-dir python/tests/res/tmp/rerun --input-dir python/tests/res/tmp --save-evaluation true --print-evaluation false --save-evaluation false --print-data-characteristics true --save-data-characteristics true
Reading meta-data...
Reading input data from file "python/tests/res/tmp/metadata.yml"...
Successfully read meta-data
Checking for version conflicts...
Experimental results have been created with version "<version>" of the package "mlrl-testbed", version "<version>" is currently used
No version conflicts detected
Reading experimental results of 1 experiment...

Reading experimental results of experiment (1 / 1)...
The command "mlrl-testbed mlrl.boosting --log-level debug --base-dir python/tests/res/tmp --data-dir python/tests/res/data --dataset atp7d --result-dir results --problem-type regression --save-evaluation true --data-split cross-validation --print-evaluation false --save-evaluation false --print-data-characteristics true --save-data-characteristics true" has been used originally for running this experiment
Performing full 10-fold cross validation...
Fold 1 / 10:
Reading input data from file "python/tests/res/tmp/results/data_characteristics_fold-1.csv"...
Data characteristics (Fold 1):

Examples            266
Features            411
Numerical Features  411
Ordinal Features      0
Nominal Features      0
Feature Density      88.6
Feature Sparsity     11.4
Outputs               6
Output Density      100
Output Sparsity       0

Writing output data to file "python/tests/res/tmp/rerun/results/data_characteristics_fold-1.csv"...
Fold 2 / 10:
Reading input data from file "python/tests/res/tmp/results/data_characteristics_fold-2.csv"...
Data characteristics (Fold 2):

Examples            266
Features            411
Numerical Features  411
Ordinal Features      0
Nominal Features      0
Feature Density      88.59
Feature Sparsity     11.41
Outputs               6
Output Density      100
Output Sparsity       0

Writing output data to file "python/tests/res/tmp/rerun/results/data_characteristics_fold-2.csv"...
Fold 3 / 10:
Reading input data from file "python/tests/res/tmp/results/data_characteristics_fold-3.csv"...
Data characteristics (Fold 3):

Examples            266
Features            411
Numerical Features  411
Ordinal Features      0
Nominal Features      0
Feature Density      88.62
Feature Sparsity     11.38
Outputs               6
Output Density      100
Output Sparsity       0

Writing output data to file "python/tests/res/tmp/rerun/results/data_characteristics_fold-3.csv"...
Fold 4 / 10:
Reading input data from file "python/tests/res/tmp/results/data_characteristics_fold-4.csv"...
Data characteristics (Fold 4):

Examples            266
Features            411
Numerical Features  411
Ordinal Features      0
Nominal Features      0
Feature Density      88.61
Feature Sparsity     11.39
Outputs               6
Output Density      100
Output Sparsity       0

Writing output data to file "python/tests/res/tmp/rerun/results/data_characteristics_fold-4.csv"...
Fold 5 / 10:
Reading input data from file "python/tests/res/tmp/results/data_characteristics_fold-5.csv"...
Data characteristics (Fold 5):

Examples            266
Features            411
Numerical Features  411
Ordinal Features      0
Nominal Features      0
Feature Density      88.6
Feature Sparsity     11.4
Outputs               6
Output Density      100
Output Sparsity       0

Writing output data to file "python/tests/res/tmp/rerun/results/data_characteristics_fold-5.csv"...
Fold 6 / 10:
Reading input data from file "python/tests/res/tmp/results/data_characteristics_fold-6.csv"...
Data characteristics (Fold 6):

Examples            266
Features            411
Numerical Features  411
Ordinal Features      0
Nominal Features      0
Feature Density      88.6
Feature Sparsity     11.4
Outputs               6
Output Density      100
Output Sparsity       0

Writing output data to file "python/tests/res/tmp/rerun/results/data_characteristics_fold-6.csv"...
Fold 7 / 10:
Reading input data from file "python/tests/res/tmp/results/data_characteristics_fold-7.csv"...
Data characteristics (Fold 7):

Examples            267
Features            411
Numerical Features  411
Ordinal Features      0
Nominal Features      0
Feature Density      88.6
Feature Sparsity     11.4
Outputs               6
Output Density      100
Output Sparsity       0

Writing output data to file "python/tests/res/tmp/rerun/results/data_characteristics_fold-7.csv"...
Fold 8 / 10:
Reading input data from file "python/tests/res/tmp/results/data_characteristics_fold-8.csv"...
Data characteristics (Fold 8):

Examples            267
Features            411
Numerical Features  411
Ordinal Features      0
Nominal Features      0
Feature Density      88.59
Feature Sparsity     11.41
Outputs               6
Output Density      100
Output Sparsity       0

Writing output data to file "python/tests/res/tmp/rerun/results/data_characteristics_fold-8.csv"...
Fold 9 / 10:
Reading input data from file "python/tests/res/tmp/results/data_characteristics_fold-9.csv"...
Data characteristics (Fold 9):

Examples            267
Features            411
Numerical Features  411
Ordinal Features      0
Nominal Features      0
Feature Density      88.61
Feature Sparsity     11.39
Outputs               6
Output Density      100
Output Sparsity       0

Writing output data to file "python/tests/res/tmp/rerun/results/data_characteristics_fold-9.csv"...
Fold 10 / 10:
Reading input data from file "python/tests/res/tmp/results/data_characteristics_fold-10.csv"...
Data characteristics (Fold 10):

Examples            267
Features            411
Numerical Features  411
Ordinal Features      0
Nominal Features      0
Feature Density      88.61
Feature Sparsity     11.39
Outputs               6
Output Density      100
Output Sparsity       0

Writing output data to file "python/tests/res/tmp/rerun/results/data_characteristics_fold-10.csv"...
