mlrl-testbed mlrl.boosting --log-level debug --data-dir python/tests/res/data --dataset emotions --result-dir python/tests/res/tmp/results --save-evaluation true --loss logistic-non-decomposable --statistic-type 32-bit --head-type partial-dynamic --label-binning equal-width --print-model-characteristics true
INFO Starting experiment using the classification algorithm "BoomerClassifier"...
INFO Using separate training and test sets...
DEBUG Reading input data from file "python/tests/res/data/emotions.arff"...
DEBUG Parsing meta-data from file "python/tests/res/data/emotions.xml"...
INFO Fitting model to 397 training examples...
DEBUG A dense matrix is used to store the feature values of the training examples
DEBUG A dense matrix is used to store the labels of the training examples
INFO Successfully fit model in <duration>
INFO Predicting for 196 test examples...
DEBUG A dense matrix is used to store the feature values of the query examples
DEBUG A dense matrix is used to store the predicted labels
INFO Successfully predicted in <duration>
INFO Evaluation result for test data:

Example-wise F1         65.56
Example-wise Jaccard    57.53
Example-wise Precision  72.19
Example-wise Recall     64.71
Hamming Accuracy        81.12
Hamming Loss            18.88
Macro F1                66.55
Macro Jaccard           50.85
Macro Precision         73.51
Macro Recall            62.63
Micro F1                68.19
Micro Jaccard           51.74
Micro Precision         73.68
Micro Recall            63.47
Subset 0/1 Loss         68.88
Subset Accuracy         31.12

DEBUG Writing output data to file "python/tests/res/tmp/results/evaluation_test.csv"...
INFO Model characteristics:

┌───────────────────────────────┬─────────┬─────────────────────────┬────────────────────────┬───────────────────────┬──────────────────────┬───────────────────────┬───────────────────────┐
│ Statistics about conditions   │   Total │   Numerical <= operator │   Numerical > operator │   Ordinal <= operator │   Ordinal > operator │   Nominal == operator │   Nominal != operator │
├───────────────────────────────┼─────────┼─────────────────────────┼────────────────────────┼───────────────────────┼──────────────────────┼───────────────────────┼───────────────────────┤
│ Default rule                  │       0 │                   0.00% │                  0.00% │                 0.00% │                0.00% │                 0.00% │                 0.00% │
│ 999 local rules               │    3797 │                  59.99% │                 40.01% │                 0.00% │                0.00% │                 0.00% │                 0.00% │
└───────────────────────────────┴─────────┴─────────────────────────┴────────────────────────┴───────────────────────┴──────────────────────┴───────────────────────┴───────────────────────┘

┌────────────────────────────────┬─────────┬────────────┬────────────┐
│ Statistics about predictions   │   Total │   Positive │   Negative │
├────────────────────────────────┼─────────┼────────────┼────────────┤
│ Default rule                   │       6 │      0.00% │    100.00% │
│ 999 local rules                │    1404 │     45.44% │     54.56% │
└────────────────────────────────┴─────────┴────────────┴────────────┘

┌─────────────────────────────┬───────────┬───────────┬───────────┐
│ Statistics per local rule   │   Minimum │   Average │   Maximum │
├─────────────────────────────┼───────────┼───────────┼───────────┤
│ Conditions                  │         1 │      3.8  │        27 │
│ Predictions                 │         1 │      1.41 │         3 │
└─────────────────────────────┴───────────┴───────────┴───────────┘

INFO Successfully finished after <duration>
