mlrl-testbed mlrl.boosting --log-level debug --base-dir python/tests/res/tmp --data-dir python/tests/res/data --dataset atp7d --result-dir results --save-evaluation true --problem-type regression --loss squared-error-decomposable --statistic-type 64-bit --head-type complete --print-model-characteristics true
Starting experiment using the regression algorithm "BoomerRegressor"...
Using separate training and test sets...
Reading input data from file "python/tests/res/data/atp7d.arff"...
Parsing meta-data from file "python/tests/res/data/atp7d.xml"...
Fitting model to 198 training examples...
A dense matrix is used to store the feature values of the training examples
A dense matrix is used to store the regression scores of the training examples
Successfully fit model in <duration>
Predicting for 98 test examples...
A dense matrix is used to store the feature values of the query examples
A dense matrix is used to store the predicted scores
Successfully predicted in <duration>
Evaluation result for test data:

Mean Absolute Error               29.91
Mean Absolute Percentage Error     0.08
Mean Squared Error              2826.34
Median Absolute Error             15.83

Writing output data to file "python/tests/res/tmp/results/evaluation_test.csv"...
Model characteristics:

┌───────────────────────────────┬─────────┬─────────────────────────┬────────────────────────┬───────────────────────┬──────────────────────┬───────────────────────┬───────────────────────┐
│ Statistics about conditions   │   Total │   Numerical <= operator │   Numerical > operator │   Ordinal <= operator │   Ordinal > operator │   Nominal == operator │   Nominal != operator │
├───────────────────────────────┼─────────┼─────────────────────────┼────────────────────────┼───────────────────────┼──────────────────────┼───────────────────────┼───────────────────────┤
│ Default rule                  │       0 │                   0.00% │                  0.00% │                 0.00% │                0.00% │                 0.00% │                 0.00% │
│ 999 local rules               │    3398 │                  52.80% │                 47.20% │                 0.00% │                0.00% │                 0.00% │                 0.00% │
└───────────────────────────────┴─────────┴─────────────────────────┴────────────────────────┴───────────────────────┴──────────────────────┴───────────────────────┴───────────────────────┘

┌────────────────────────────────┬─────────┬────────────┬────────────┐
│ Statistics about predictions   │   Total │   Positive │   Negative │
├────────────────────────────────┼─────────┼────────────┼────────────┤
│ Default rule                   │       6 │    100.00% │      0.00% │
│ 999 local rules                │    5994 │     50.13% │     49.87% │
└────────────────────────────────┴─────────┴────────────┴────────────┘

┌─────────────────────────────┬───────────┬───────────┬───────────┐
│ Statistics per local rule   │   Minimum │   Average │   Maximum │
├─────────────────────────────┼───────────┼───────────┼───────────┤
│ Conditions                  │         1 │       3.4 │        16 │
│ Predictions                 │         6 │       6   │         6 │
└─────────────────────────────┴───────────┴───────────┴───────────┘

Successfully finished experiment after <duration>
