mlrl-testbed mlrl.seco --log-level debug --base-dir python/tests/res/tmp --data-dir python/tests/res/data --dataset emotions --result-dir results --save-evaluation true --instance-sampling stratified-example-wise
Starting experiment using the classification algorithm "SeCoClassifier"...
Writing output data to file "python/tests/res/tmp/metadata.yml"...
Using separate training and test sets...
Reading input data from file "python/tests/res/data/emotions.arff"...
Parsing meta-data from file "python/tests/res/data/emotions.xml"...
Fitting model to 397 training examples...
A dense matrix is used to store the feature values of the training examples
A dense matrix is used to store the labels of the training examples
Successfully fit model in <duration>
Predicting for 196 test examples...
A dense matrix is used to store the feature values of the query examples
A dense matrix is used to store the predicted labels
Successfully predicted in <duration>
Evaluation result for test data:

Example-wise F1         54.58
Example-wise Jaccard    45.14
Example-wise Precision  62.87
Example-wise Recall     58.76
Hamming Accuracy        73.98
Hamming Loss            26.02
Macro F1                53.73
Macro Jaccard           38.42
Macro Precision         60.55
Macro Recall            54.81
Micro F1                58.54
Micro Jaccard           41.38
Micro Precision         59.5
Micro Recall            57.6
Subset 0/1 Loss         82.65
Subset Accuracy         17.35

Writing output data to file "python/tests/res/tmp/results/evaluation_test.csv"...
Successfully finished experiment after <duration>
