mlrl-testbed mlrl.boosting --log-level debug --base-dir python/tests/res/tmp --data-dir python/tests/res/data --dataset emotions --result-dir results --save-evaluation true --data-split train-test --print-evaluation false --save-evaluation false --print-label-vectors true --save-label-vectors true
Starting experiment using the classification algorithm "BoomerClassifier"...
Writing output data to file "python/tests/res/tmp/metadata.yml"...
Using separate training and test sets...
Reading input data from file "python/tests/res/data/emotions.arff"...
Parsing meta-data from file "python/tests/res/data/emotions.xml"...
Fitting model to 397 training examples...
A dense matrix is used to store the feature values of the training examples
A dense matrix is used to store the labels of the training examples
Successfully fit model in <duration>
Label vectors:

┌─────────┬────────────────┬─────────────┐
│   Index │ Label vector   │   Frequency │
├─────────┼────────────────┼─────────────┤
│      12 │ [1 0 0 0 0 1]  │          52 │
│       5 │ [0 0 0 0 0 1]  │          50 │
│       9 │ [0 1 1 0 0 0]  │          44 │
│       1 │ [0 0 1 1 1 0]  │          42 │
│       4 │ [0 0 1 0 0 0]  │          30 │
│       8 │ [1 1 0 0 0 0]  │          26 │
│       6 │ [0 0 0 1 1 0]  │          25 │
│      11 │ [0 0 1 0 1 0]  │          20 │
│       3 │ [0 0 1 1 0 0]  │          19 │
│      10 │ [0 1 0 0 0 0]  │          18 │
│      14 │ [1 0 0 0 0 0]  │          17 │
│      15 │ [0 0 0 0 1 0]  │          10 │
│       2 │ [0 0 0 0 1 1]  │           8 │
│      13 │ [1 1 0 0 0 1]  │           7 │
│      16 │ [1 1 1 0 0 0]  │           7 │
│       7 │ [0 1 0 0 0 1]  │           5 │
│      19 │ [0 1 1 1 0 0]  │           5 │
│      17 │ [0 0 1 0 1 1]  │           3 │
│      23 │ [0 0 0 1 0 0]  │           3 │
│      18 │ [1 0 0 0 1 1]  │           2 │
│      20 │ [1 0 0 0 1 0]  │           2 │
│      21 │ [0 0 0 1 1 1]  │           1 │
│      22 │ [0 0 1 0 0 1]  │           1 │
└─────────┴────────────────┴─────────────┘

Writing output data to file "python/tests/res/tmp/results/label_vectors.csv"...
Successfully finished experiment after <duration>
