mlrl-testbed mlrl.boosting --log-level DEBUG --data-dir python/tests/res/data --dataset atp7d --output-dir python/tests/res/tmp/results --problem-type regression --data-split cross-validation{num_folds=10,current_fold=0} --print-evaluation false --store-evaluation false --print-model-characteristics true --print-parameters true --parameter-save-dir python/tests/res/tmp/results --parameter-load-dir python/tests/res/in
INFO Starting experiment using the regression algorithm "boomer"...
INFO Performing full 10-fold cross validation...
INFO Fold 1 / 10:
DEBUG Reading input data from file "python/tests/res/data/atp7d.arff"...
DEBUG Parsing meta-data from file "python/tests/res/data/atp7d.xml"...
DEBUG Reading input data from file "python/tests/res/in/parameters_fold-1.csv"...
INFO Successfully applied parameter setting: {'max_rules': '10', 'rule_induction': 'top-down-greedy{max_conditions=1}'}
INFO Custom parameters (Fold 1):

max_rules       10
rule_induction  top-down-greedy{max_conditions=1}

DEBUG Writing output data to file "python/tests/res/tmp/results/parameters_fold-1.csv"...
INFO Fitting model to 266 training examples...
DEBUG A dense matrix is used to store the feature values of the training examples
DEBUG A dense matrix is used to store the regression scores of the training examples
INFO Successfully fit model in <duration>
INFO Model characteristics (Fold 1):

┌───────────────────────────────┬─────────┬─────────────────────────┬────────────────────────┬───────────────────────┬──────────────────────┬───────────────────────┬───────────────────────┐
│ Statistics about conditions   │   Total │   Numerical <= operator │   Numerical > operator │   Ordinal <= operator │   Ordinal > operator │   Nominal == operator │   Nominal != operator │
├───────────────────────────────┼─────────┼─────────────────────────┼────────────────────────┼───────────────────────┼──────────────────────┼───────────────────────┼───────────────────────┤
│ Default rule                  │       0 │                   0.00% │                  0.00% │                 0.00% │                0.00% │                 0.00% │                 0.00% │
│ 9 local rules                 │       9 │                  66.67% │                 33.33% │                 0.00% │                0.00% │                 0.00% │                 0.00% │
└───────────────────────────────┴─────────┴─────────────────────────┴────────────────────────┴───────────────────────┴──────────────────────┴───────────────────────┴───────────────────────┘

┌────────────────────────────────┬─────────┬────────────┬────────────┐
│ Statistics about predictions   │   Total │   Positive │   Negative │
├────────────────────────────────┼─────────┼────────────┼────────────┤
│ Default rule                   │       6 │    100.00% │      0.00% │
│ 9 local rules                  │      54 │     64.81% │     35.19% │
└────────────────────────────────┴─────────┴────────────┴────────────┘

┌─────────────────────────────┬───────────┬───────────┬───────────┐
│ Statistics per local rule   │   Minimum │   Average │   Maximum │
├─────────────────────────────┼───────────┼───────────┼───────────┤
│ Conditions                  │         1 │         1 │         1 │
│ Predictions                 │         6 │         6 │         6 │
└─────────────────────────────┴───────────┴───────────┴───────────┘

INFO Fold 2 / 10:
DEBUG Reading input data from file "python/tests/res/in/parameters_fold-2.csv"...
INFO Successfully applied parameter setting: {'max_rules': '10', 'rule_induction': 'top-down-greedy{max_conditions=1}'}
INFO Custom parameters (Fold 2):

max_rules       10
rule_induction  top-down-greedy{max_conditions=1}

DEBUG Writing output data to file "python/tests/res/tmp/results/parameters_fold-2.csv"...
INFO Fitting model to 266 training examples...
DEBUG A dense matrix is used to store the feature values of the training examples
DEBUG A dense matrix is used to store the regression scores of the training examples
INFO Successfully fit model in <duration>
INFO Model characteristics (Fold 2):

┌───────────────────────────────┬─────────┬─────────────────────────┬────────────────────────┬───────────────────────┬──────────────────────┬───────────────────────┬───────────────────────┐
│ Statistics about conditions   │   Total │   Numerical <= operator │   Numerical > operator │   Ordinal <= operator │   Ordinal > operator │   Nominal == operator │   Nominal != operator │
├───────────────────────────────┼─────────┼─────────────────────────┼────────────────────────┼───────────────────────┼──────────────────────┼───────────────────────┼───────────────────────┤
│ Default rule                  │       0 │                   0.00% │                  0.00% │                 0.00% │                0.00% │                 0.00% │                 0.00% │
│ 9 local rules                 │       9 │                  55.56% │                 44.44% │                 0.00% │                0.00% │                 0.00% │                 0.00% │
└───────────────────────────────┴─────────┴─────────────────────────┴────────────────────────┴───────────────────────┴──────────────────────┴───────────────────────┴───────────────────────┘

┌────────────────────────────────┬─────────┬────────────┬────────────┐
│ Statistics about predictions   │   Total │   Positive │   Negative │
├────────────────────────────────┼─────────┼────────────┼────────────┤
│ Default rule                   │       6 │    100.00% │      0.00% │
│ 9 local rules                  │      54 │     61.11% │     38.89% │
└────────────────────────────────┴─────────┴────────────┴────────────┘

┌─────────────────────────────┬───────────┬───────────┬───────────┐
│ Statistics per local rule   │   Minimum │   Average │   Maximum │
├─────────────────────────────┼───────────┼───────────┼───────────┤
│ Conditions                  │         1 │         1 │         1 │
│ Predictions                 │         6 │         6 │         6 │
└─────────────────────────────┴───────────┴───────────┴───────────┘

INFO Fold 3 / 10:
DEBUG Reading input data from file "python/tests/res/in/parameters_fold-3.csv"...
INFO Successfully applied parameter setting: {'max_rules': '10', 'rule_induction': 'top-down-greedy{max_conditions=1}'}
INFO Custom parameters (Fold 3):

max_rules       10
rule_induction  top-down-greedy{max_conditions=1}

DEBUG Writing output data to file "python/tests/res/tmp/results/parameters_fold-3.csv"...
INFO Fitting model to 266 training examples...
DEBUG A dense matrix is used to store the feature values of the training examples
DEBUG A dense matrix is used to store the regression scores of the training examples
INFO Successfully fit model in <duration>
INFO Model characteristics (Fold 3):

┌───────────────────────────────┬─────────┬─────────────────────────┬────────────────────────┬───────────────────────┬──────────────────────┬───────────────────────┬───────────────────────┐
│ Statistics about conditions   │   Total │   Numerical <= operator │   Numerical > operator │   Ordinal <= operator │   Ordinal > operator │   Nominal == operator │   Nominal != operator │
├───────────────────────────────┼─────────┼─────────────────────────┼────────────────────────┼───────────────────────┼──────────────────────┼───────────────────────┼───────────────────────┤
│ Default rule                  │       0 │                   0.00% │                  0.00% │                 0.00% │                0.00% │                 0.00% │                 0.00% │
│ 9 local rules                 │       9 │                  55.56% │                 44.44% │                 0.00% │                0.00% │                 0.00% │                 0.00% │
└───────────────────────────────┴─────────┴─────────────────────────┴────────────────────────┴───────────────────────┴──────────────────────┴───────────────────────┴───────────────────────┘

┌────────────────────────────────┬─────────┬────────────┬────────────┐
│ Statistics about predictions   │   Total │   Positive │   Negative │
├────────────────────────────────┼─────────┼────────────┼────────────┤
│ Default rule                   │       6 │    100.00% │      0.00% │
│ 9 local rules                  │      54 │     62.96% │     37.04% │
└────────────────────────────────┴─────────┴────────────┴────────────┘

┌─────────────────────────────┬───────────┬───────────┬───────────┐
│ Statistics per local rule   │   Minimum │   Average │   Maximum │
├─────────────────────────────┼───────────┼───────────┼───────────┤
│ Conditions                  │         1 │         1 │         1 │
│ Predictions                 │         6 │         6 │         6 │
└─────────────────────────────┴───────────┴───────────┴───────────┘

INFO Fold 4 / 10:
DEBUG Reading input data from file "python/tests/res/in/parameters_fold-4.csv"...
INFO Successfully applied parameter setting: {'max_rules': '10', 'rule_induction': 'top-down-greedy{max_conditions=1}'}
INFO Custom parameters (Fold 4):

max_rules       10
rule_induction  top-down-greedy{max_conditions=1}

DEBUG Writing output data to file "python/tests/res/tmp/results/parameters_fold-4.csv"...
INFO Fitting model to 266 training examples...
DEBUG A dense matrix is used to store the feature values of the training examples
DEBUG A dense matrix is used to store the regression scores of the training examples
INFO Successfully fit model in <duration>
INFO Model characteristics (Fold 4):

┌───────────────────────────────┬─────────┬─────────────────────────┬────────────────────────┬───────────────────────┬──────────────────────┬───────────────────────┬───────────────────────┐
│ Statistics about conditions   │   Total │   Numerical <= operator │   Numerical > operator │   Ordinal <= operator │   Ordinal > operator │   Nominal == operator │   Nominal != operator │
├───────────────────────────────┼─────────┼─────────────────────────┼────────────────────────┼───────────────────────┼──────────────────────┼───────────────────────┼───────────────────────┤
│ Default rule                  │       0 │                   0.00% │                  0.00% │                 0.00% │                0.00% │                 0.00% │                 0.00% │
│ 9 local rules                 │       9 │                  44.44% │                 55.56% │                 0.00% │                0.00% │                 0.00% │                 0.00% │
└───────────────────────────────┴─────────┴─────────────────────────┴────────────────────────┴───────────────────────┴──────────────────────┴───────────────────────┴───────────────────────┘

┌────────────────────────────────┬─────────┬────────────┬────────────┐
│ Statistics about predictions   │   Total │   Positive │   Negative │
├────────────────────────────────┼─────────┼────────────┼────────────┤
│ Default rule                   │       6 │    100.00% │      0.00% │
│ 9 local rules                  │      54 │     61.11% │     38.89% │
└────────────────────────────────┴─────────┴────────────┴────────────┘

┌─────────────────────────────┬───────────┬───────────┬───────────┐
│ Statistics per local rule   │   Minimum │   Average │   Maximum │
├─────────────────────────────┼───────────┼───────────┼───────────┤
│ Conditions                  │         1 │         1 │         1 │
│ Predictions                 │         6 │         6 │         6 │
└─────────────────────────────┴───────────┴───────────┴───────────┘

INFO Fold 5 / 10:
DEBUG Reading input data from file "python/tests/res/in/parameters_fold-5.csv"...
INFO Successfully applied parameter setting: {'max_rules': '10', 'rule_induction': 'top-down-greedy{max_conditions=1}'}
INFO Custom parameters (Fold 5):

max_rules       10
rule_induction  top-down-greedy{max_conditions=1}

DEBUG Writing output data to file "python/tests/res/tmp/results/parameters_fold-5.csv"...
INFO Fitting model to 266 training examples...
DEBUG A dense matrix is used to store the feature values of the training examples
DEBUG A dense matrix is used to store the regression scores of the training examples
INFO Successfully fit model in <duration>
INFO Model characteristics (Fold 5):

┌───────────────────────────────┬─────────┬─────────────────────────┬────────────────────────┬───────────────────────┬──────────────────────┬───────────────────────┬───────────────────────┐
│ Statistics about conditions   │   Total │   Numerical <= operator │   Numerical > operator │   Ordinal <= operator │   Ordinal > operator │   Nominal == operator │   Nominal != operator │
├───────────────────────────────┼─────────┼─────────────────────────┼────────────────────────┼───────────────────────┼──────────────────────┼───────────────────────┼───────────────────────┤
│ Default rule                  │       0 │                   0.00% │                  0.00% │                 0.00% │                0.00% │                 0.00% │                 0.00% │
│ 9 local rules                 │       9 │                  55.56% │                 44.44% │                 0.00% │                0.00% │                 0.00% │                 0.00% │
└───────────────────────────────┴─────────┴─────────────────────────┴────────────────────────┴───────────────────────┴──────────────────────┴───────────────────────┴───────────────────────┘

┌────────────────────────────────┬─────────┬────────────┬────────────┐
│ Statistics about predictions   │   Total │   Positive │   Negative │
├────────────────────────────────┼─────────┼────────────┼────────────┤
│ Default rule                   │       6 │    100.00% │      0.00% │
│ 9 local rules                  │      54 │     61.11% │     38.89% │
└────────────────────────────────┴─────────┴────────────┴────────────┘

┌─────────────────────────────┬───────────┬───────────┬───────────┐
│ Statistics per local rule   │   Minimum │   Average │   Maximum │
├─────────────────────────────┼───────────┼───────────┼───────────┤
│ Conditions                  │         1 │         1 │         1 │
│ Predictions                 │         6 │         6 │         6 │
└─────────────────────────────┴───────────┴───────────┴───────────┘

INFO Fold 6 / 10:
DEBUG Reading input data from file "python/tests/res/in/parameters_fold-6.csv"...
INFO Successfully applied parameter setting: {'max_rules': '10', 'rule_induction': 'top-down-greedy{max_conditions=1}'}
INFO Custom parameters (Fold 6):

max_rules       10
rule_induction  top-down-greedy{max_conditions=1}

DEBUG Writing output data to file "python/tests/res/tmp/results/parameters_fold-6.csv"...
INFO Fitting model to 266 training examples...
DEBUG A dense matrix is used to store the feature values of the training examples
DEBUG A dense matrix is used to store the regression scores of the training examples
INFO Successfully fit model in <duration>
INFO Model characteristics (Fold 6):

┌───────────────────────────────┬─────────┬─────────────────────────┬────────────────────────┬───────────────────────┬──────────────────────┬───────────────────────┬───────────────────────┐
│ Statistics about conditions   │   Total │   Numerical <= operator │   Numerical > operator │   Ordinal <= operator │   Ordinal > operator │   Nominal == operator │   Nominal != operator │
├───────────────────────────────┼─────────┼─────────────────────────┼────────────────────────┼───────────────────────┼──────────────────────┼───────────────────────┼───────────────────────┤
│ Default rule                  │       0 │                   0.00% │                  0.00% │                 0.00% │                0.00% │                 0.00% │                 0.00% │
│ 9 local rules                 │       9 │                  44.44% │                 55.56% │                 0.00% │                0.00% │                 0.00% │                 0.00% │
└───────────────────────────────┴─────────┴─────────────────────────┴────────────────────────┴───────────────────────┴──────────────────────┴───────────────────────┴───────────────────────┘

┌────────────────────────────────┬─────────┬────────────┬────────────┐
│ Statistics about predictions   │   Total │   Positive │   Negative │
├────────────────────────────────┼─────────┼────────────┼────────────┤
│ Default rule                   │       6 │    100.00% │      0.00% │
│ 9 local rules                  │      54 │     72.22% │     27.78% │
└────────────────────────────────┴─────────┴────────────┴────────────┘

┌─────────────────────────────┬───────────┬───────────┬───────────┐
│ Statistics per local rule   │   Minimum │   Average │   Maximum │
├─────────────────────────────┼───────────┼───────────┼───────────┤
│ Conditions                  │         1 │         1 │         1 │
│ Predictions                 │         6 │         6 │         6 │
└─────────────────────────────┴───────────┴───────────┴───────────┘

INFO Fold 7 / 10:
DEBUG Reading input data from file "python/tests/res/in/parameters_fold-7.csv"...
INFO Successfully applied parameter setting: {'max_rules': '10', 'rule_induction': 'top-down-greedy{max_conditions=1}'}
INFO Custom parameters (Fold 7):

max_rules       10
rule_induction  top-down-greedy{max_conditions=1}

DEBUG Writing output data to file "python/tests/res/tmp/results/parameters_fold-7.csv"...
INFO Fitting model to 267 training examples...
DEBUG A dense matrix is used to store the feature values of the training examples
DEBUG A dense matrix is used to store the regression scores of the training examples
INFO Successfully fit model in <duration>
INFO Model characteristics (Fold 7):

┌───────────────────────────────┬─────────┬─────────────────────────┬────────────────────────┬───────────────────────┬──────────────────────┬───────────────────────┬───────────────────────┐
│ Statistics about conditions   │   Total │   Numerical <= operator │   Numerical > operator │   Ordinal <= operator │   Ordinal > operator │   Nominal == operator │   Nominal != operator │
├───────────────────────────────┼─────────┼─────────────────────────┼────────────────────────┼───────────────────────┼──────────────────────┼───────────────────────┼───────────────────────┤
│ Default rule                  │       0 │                   0.00% │                  0.00% │                 0.00% │                0.00% │                 0.00% │                 0.00% │
│ 9 local rules                 │       9 │                  55.56% │                 44.44% │                 0.00% │                0.00% │                 0.00% │                 0.00% │
└───────────────────────────────┴─────────┴─────────────────────────┴────────────────────────┴───────────────────────┴──────────────────────┴───────────────────────┴───────────────────────┘

┌────────────────────────────────┬─────────┬────────────┬────────────┐
│ Statistics about predictions   │   Total │   Positive │   Negative │
├────────────────────────────────┼─────────┼────────────┼────────────┤
│ Default rule                   │       6 │    100.00% │      0.00% │
│ 9 local rules                  │      54 │     62.96% │     37.04% │
└────────────────────────────────┴─────────┴────────────┴────────────┘

┌─────────────────────────────┬───────────┬───────────┬───────────┐
│ Statistics per local rule   │   Minimum │   Average │   Maximum │
├─────────────────────────────┼───────────┼───────────┼───────────┤
│ Conditions                  │         1 │         1 │         1 │
│ Predictions                 │         6 │         6 │         6 │
└─────────────────────────────┴───────────┴───────────┴───────────┘

INFO Fold 8 / 10:
DEBUG Reading input data from file "python/tests/res/in/parameters_fold-8.csv"...
INFO Successfully applied parameter setting: {'max_rules': '10', 'rule_induction': 'top-down-greedy{max_conditions=1}'}
INFO Custom parameters (Fold 8):

max_rules       10
rule_induction  top-down-greedy{max_conditions=1}

DEBUG Writing output data to file "python/tests/res/tmp/results/parameters_fold-8.csv"...
INFO Fitting model to 267 training examples...
DEBUG A dense matrix is used to store the feature values of the training examples
DEBUG A dense matrix is used to store the regression scores of the training examples
INFO Successfully fit model in <duration>
INFO Model characteristics (Fold 8):

┌───────────────────────────────┬─────────┬─────────────────────────┬────────────────────────┬───────────────────────┬──────────────────────┬───────────────────────┬───────────────────────┐
│ Statistics about conditions   │   Total │   Numerical <= operator │   Numerical > operator │   Ordinal <= operator │   Ordinal > operator │   Nominal == operator │   Nominal != operator │
├───────────────────────────────┼─────────┼─────────────────────────┼────────────────────────┼───────────────────────┼──────────────────────┼───────────────────────┼───────────────────────┤
│ Default rule                  │       0 │                   0.00% │                  0.00% │                 0.00% │                0.00% │                 0.00% │                 0.00% │
│ 9 local rules                 │       9 │                  55.56% │                 44.44% │                 0.00% │                0.00% │                 0.00% │                 0.00% │
└───────────────────────────────┴─────────┴─────────────────────────┴────────────────────────┴───────────────────────┴──────────────────────┴───────────────────────┴───────────────────────┘

┌────────────────────────────────┬─────────┬────────────┬────────────┐
│ Statistics about predictions   │   Total │   Positive │   Negative │
├────────────────────────────────┼─────────┼────────────┼────────────┤
│ Default rule                   │       6 │    100.00% │      0.00% │
│ 9 local rules                  │      54 │     62.96% │     37.04% │
└────────────────────────────────┴─────────┴────────────┴────────────┘

┌─────────────────────────────┬───────────┬───────────┬───────────┐
│ Statistics per local rule   │   Minimum │   Average │   Maximum │
├─────────────────────────────┼───────────┼───────────┼───────────┤
│ Conditions                  │         1 │         1 │         1 │
│ Predictions                 │         6 │         6 │         6 │
└─────────────────────────────┴───────────┴───────────┴───────────┘

INFO Fold 9 / 10:
DEBUG Reading input data from file "python/tests/res/in/parameters_fold-9.csv"...
INFO Successfully applied parameter setting: {'max_rules': '10', 'rule_induction': 'top-down-greedy{max_conditions=1}'}
INFO Custom parameters (Fold 9):

max_rules       10
rule_induction  top-down-greedy{max_conditions=1}

DEBUG Writing output data to file "python/tests/res/tmp/results/parameters_fold-9.csv"...
INFO Fitting model to 267 training examples...
DEBUG A dense matrix is used to store the feature values of the training examples
DEBUG A dense matrix is used to store the regression scores of the training examples
INFO Successfully fit model in <duration>
INFO Model characteristics (Fold 9):

┌───────────────────────────────┬─────────┬─────────────────────────┬────────────────────────┬───────────────────────┬──────────────────────┬───────────────────────┬───────────────────────┐
│ Statistics about conditions   │   Total │   Numerical <= operator │   Numerical > operator │   Ordinal <= operator │   Ordinal > operator │   Nominal == operator │   Nominal != operator │
├───────────────────────────────┼─────────┼─────────────────────────┼────────────────────────┼───────────────────────┼──────────────────────┼───────────────────────┼───────────────────────┤
│ Default rule                  │       0 │                   0.00% │                  0.00% │                 0.00% │                0.00% │                 0.00% │                 0.00% │
│ 9 local rules                 │       9 │                  55.56% │                 44.44% │                 0.00% │                0.00% │                 0.00% │                 0.00% │
└───────────────────────────────┴─────────┴─────────────────────────┴────────────────────────┴───────────────────────┴──────────────────────┴───────────────────────┴───────────────────────┘

┌────────────────────────────────┬─────────┬────────────┬────────────┐
│ Statistics about predictions   │   Total │   Positive │   Negative │
├────────────────────────────────┼─────────┼────────────┼────────────┤
│ Default rule                   │       6 │    100.00% │      0.00% │
│ 9 local rules                  │      54 │     59.26% │     40.74% │
└────────────────────────────────┴─────────┴────────────┴────────────┘

┌─────────────────────────────┬───────────┬───────────┬───────────┐
│ Statistics per local rule   │   Minimum │   Average │   Maximum │
├─────────────────────────────┼───────────┼───────────┼───────────┤
│ Conditions                  │         1 │         1 │         1 │
│ Predictions                 │         6 │         6 │         6 │
└─────────────────────────────┴───────────┴───────────┴───────────┘

INFO Fold 10 / 10:
DEBUG Reading input data from file "python/tests/res/in/parameters_fold-10.csv"...
INFO Successfully applied parameter setting: {'max_rules': '10', 'rule_induction': 'top-down-greedy{max_conditions=1}'}
INFO Custom parameters (Fold 10):

max_rules       10
rule_induction  top-down-greedy{max_conditions=1}

DEBUG Writing output data to file "python/tests/res/tmp/results/parameters_fold-10.csv"...
INFO Fitting model to 267 training examples...
DEBUG A dense matrix is used to store the feature values of the training examples
DEBUG A dense matrix is used to store the regression scores of the training examples
INFO Successfully fit model in <duration>
INFO Model characteristics (Fold 10):

┌───────────────────────────────┬─────────┬─────────────────────────┬────────────────────────┬───────────────────────┬──────────────────────┬───────────────────────┬───────────────────────┐
│ Statistics about conditions   │   Total │   Numerical <= operator │   Numerical > operator │   Ordinal <= operator │   Ordinal > operator │   Nominal == operator │   Nominal != operator │
├───────────────────────────────┼─────────┼─────────────────────────┼────────────────────────┼───────────────────────┼──────────────────────┼───────────────────────┼───────────────────────┤
│ Default rule                  │       0 │                   0.00% │                  0.00% │                 0.00% │                0.00% │                 0.00% │                 0.00% │
│ 9 local rules                 │       9 │                  66.67% │                 33.33% │                 0.00% │                0.00% │                 0.00% │                 0.00% │
└───────────────────────────────┴─────────┴─────────────────────────┴────────────────────────┴───────────────────────┴──────────────────────┴───────────────────────┴───────────────────────┘

┌────────────────────────────────┬─────────┬────────────┬────────────┐
│ Statistics about predictions   │   Total │   Positive │   Negative │
├────────────────────────────────┼─────────┼────────────┼────────────┤
│ Default rule                   │       6 │    100.00% │      0.00% │
│ 9 local rules                  │      54 │     64.81% │     35.19% │
└────────────────────────────────┴─────────┴────────────┴────────────┘

┌─────────────────────────────┬───────────┬───────────┬───────────┐
│ Statistics per local rule   │   Minimum │   Average │   Maximum │
├─────────────────────────────┼───────────┼───────────┼───────────┤
│ Conditions                  │         1 │         1 │         1 │
│ Predictions                 │         6 │         6 │         6 │
└─────────────────────────────┴───────────┴───────────┴───────────┘

INFO Successfully finished after <duration>
