mlrl-testbed mlrl.boosting --log-level debug --data-dir python/tests/res/data --dataset atp7d --base-dir python/tests/res/tmp --result-dir results --save-evaluation true --problem-type regression --loss squared-error-non-decomposable --statistic-type 32-bit --head-type partial-fixed --print-model-characteristics true
Starting experiment using the regression algorithm "BoomerRegressor"...
Using separate training and test sets...
Reading input data from file "python/tests/res/data/atp7d.arff"...
Parsing meta-data from file "python/tests/res/data/atp7d.xml"...
Fitting model to 198 training examples...
A dense matrix is used to store the feature values of the training examples
A dense matrix is used to store the regression scores of the training examples
Successfully fit model in <duration>
Predicting for 98 test examples...
A dense matrix is used to store the feature values of the query examples
A dense matrix is used to store the predicted scores
Successfully predicted in <duration>
Evaluation result for test data:

Mean Absolute Error                359.48
Mean Absolute Percentage Error       1
Mean Squared Error              146159
Median Absolute Error              324

Writing output data to file "python/tests/res/tmp/results/evaluation_test.csv"...
Model characteristics:

┌───────────────────────────────┬─────────┬─────────────────────────┬────────────────────────┬───────────────────────┬──────────────────────┬───────────────────────┬───────────────────────┐
│ Statistics about conditions   │   Total │   Numerical <= operator │   Numerical > operator │   Ordinal <= operator │   Ordinal > operator │   Nominal == operator │   Nominal != operator │
├───────────────────────────────┼─────────┼─────────────────────────┼────────────────────────┼───────────────────────┼──────────────────────┼───────────────────────┼───────────────────────┤
│ Default rule                  │       0 │                   0.00% │                  0.00% │                 0.00% │                0.00% │                 0.00% │                 0.00% │
│ 4 local rules                 │       4 │                  25.00% │                 75.00% │                 0.00% │                0.00% │                 0.00% │                 0.00% │
└───────────────────────────────┴─────────┴─────────────────────────┴────────────────────────┴───────────────────────┴──────────────────────┴───────────────────────┴───────────────────────┘

┌────────────────────────────────┬─────────┬────────────┬────────────┐
│ Statistics about predictions   │   Total │   Positive │   Negative │
├────────────────────────────────┼─────────┼────────────┼────────────┤
│ Default rule                   │       6 │      0.00% │    100.00% │
│ 4 local rules                  │       8 │      0.00% │    100.00% │
└────────────────────────────────┴─────────┴────────────┴────────────┘

┌─────────────────────────────┬───────────┬───────────┬───────────┐
│ Statistics per local rule   │   Minimum │   Average │   Maximum │
├─────────────────────────────┼───────────┼───────────┼───────────┤
│ Conditions                  │         1 │         1 │         1 │
│ Predictions                 │         2 │         2 │         2 │
└─────────────────────────────┴───────────┴───────────┴───────────┘

Successfully finished after <duration>
