testbed mlrl.seco --log-level DEBUG --data-dir python/tests/res/data --dataset emotions --output-dir python/tests/res/tmp/results --print-evaluation false --store-evaluation false --print-data-characteristics true --store-data-characteristics true
INFO Starting experiment using the classification algorithm "seco"...
INFO Using separate training and test sets...
DEBUG Parsing meta-data from file "python/tests/res/data/emotions.xml"...
DEBUG Loading data set from file "python/tests/res/data/emotions.arff"...
INFO Data characteristics:

Examples                397
Features                 72
Numerical Features       72
Ordinal Features          0
Nominal Features          0
Feature Density          99.67
Feature Sparsity          0.33
Outputs                   6
Output Density           30.77
Output Sparsity          69.23
Label Imbalance Ratio     1.45
Label Cardinality         1.85
Distinct Label Vectors   23

INFO Fitting model to 397 training examples...
DEBUG A dense matrix is used to store the feature values of the training examples
DEBUG A dense matrix is used to store the labels of the training examples
INFO Successfully fit model in <duration>
INFO Successfully finished after <duration>
