mlrl-testbed mlrl.boosting --log-level DEBUG --data-dir python/tests/res/data --dataset emotions --output-dir python/tests/res/tmp/results --global-pruning post-pruning --holdout stratified-example-wise --print-model-characteristics true
INFO Starting experiment using the classification algorithm "boomer"...
INFO Using separate training and test sets...
DEBUG Reading input data from file "python/tests/res/data/emotions.arff"...
DEBUG Parsing meta-data from file "python/tests/res/data/emotions.xml"...
INFO Fitting model to 397 training examples...
DEBUG A dense matrix is used to store the feature values of the training examples
DEBUG A dense matrix is used to store the labels of the training examples
INFO Successfully fit model in <duration>
INFO Predicting for 196 test examples...
DEBUG A dense matrix is used to store the feature values of the query examples
DEBUG A dense matrix is used to store the predicted labels
INFO Successfully predicted in <duration>
INFO Evaluation result for test data:

Example-wise F1         59.63
Example-wise Jaccard    51.49
Example-wise Precision  77.98
Example-wise Recall     59.95
Hamming Accuracy        80.1
Hamming Loss            19.9
Macro F1                63.09
Macro Jaccard           47.07
Macro Precision         73.12
Macro Recall            57.37
Micro F1                65.28
Micro Jaccard           48.46
Micro Precision         73.58
Micro Recall            58.67
Subset 0/1 Loss         73.47
Subset Accuracy         26.53

DEBUG Writing output data to file "python/tests/res/tmp/results/evaluation_test.csv"...
INFO Model characteristics:

┌───────────────────────────────┬─────────┬─────────────────────────┬────────────────────────┬───────────────────────┬──────────────────────┬───────────────────────┬───────────────────────┐
│ Statistics about conditions   │   Total │   Numerical <= operator │   Numerical > operator │   Ordinal <= operator │   Ordinal > operator │   Nominal == operator │   Nominal != operator │
├───────────────────────────────┼─────────┼─────────────────────────┼────────────────────────┼───────────────────────┼──────────────────────┼───────────────────────┼───────────────────────┤
│ Default rule                  │       0 │                   0.00% │                  0.00% │                 0.00% │                0.00% │                 0.00% │                 0.00% │
│ 148 local rules               │    1272 │                  55.11% │                 44.89% │                 0.00% │                0.00% │                 0.00% │                 0.00% │
└───────────────────────────────┴─────────┴─────────────────────────┴────────────────────────┴───────────────────────┴──────────────────────┴───────────────────────┴───────────────────────┘

┌────────────────────────────────┬─────────┬────────────┬────────────┐
│ Statistics about predictions   │   Total │   Positive │   Negative │
├────────────────────────────────┼─────────┼────────────┼────────────┤
│ Default rule                   │       6 │      0.00% │    100.00% │
│ 148 local rules                │     888 │     37.50% │     62.50% │
└────────────────────────────────┴─────────┴────────────┴────────────┘

┌─────────────────────────────┬───────────┬───────────┬───────────┐
│ Statistics per local rule   │   Minimum │   Average │   Maximum │
├─────────────────────────────┼───────────┼───────────┼───────────┤
│ Conditions                  │         1 │      8.59 │        28 │
│ Predictions                 │         6 │      6    │         6 │
└─────────────────────────────┴───────────┴───────────┴───────────┘

INFO Successfully finished after <duration>
