testbed mlrl.boosting --log-level DEBUG --data-dir python/tests/res/data --dataset atp7d-ordinal --output-dir python/tests/res/tmp/results --problem-type regression --feature-format sparse
INFO Starting experiment using the regression algorithm "boomer"...
INFO Using separate training and test sets...
DEBUG Parsing meta-data from file "python/tests/res/data/atp7d-ordinal.xml"...
DEBUG Loading data set from file "python/tests/res/data/atp7d-ordinal.arff"...
INFO Fitting model to 198 training examples...
DEBUG A sparse matrix with sparse value 0.0 is used to store the feature values of the training examples
DEBUG A dense matrix is used to store the regression scores of the training examples
INFO Successfully fit model in <duration>
INFO Predicting for 98 test examples...
DEBUG A sparse matrix with sparse value 0.0 is used to store the feature values of the query examples
DEBUG A dense matrix is used to store the predicted scores
INFO Successfully predicted in <duration>
INFO Evaluation result for test data:

Mean Absolute Error               26.63
Mean Absolute Percentage Error     1.53
Mean Squared Error              1610.28
Median Absolute Error             16.89

INFO Successfully finished after <duration>
