mlrl-testbed mlrl.seco --mode read --log-level debug --base-dir python/tests/res/tmp/rerun --input-dir python/tests/res/tmp --save-evaluation true --print-evaluation false --save-evaluation false --print-prediction-characteristics true --save-prediction-characteristics true
Reading meta-data...
Reading input data from file "python/tests/res/tmp/metadata.yml"...
Successfully read meta-data
Checking for version conflicts...
Experimental results have been created with version "<version>" of the package "mlrl-testbed", version "<version>" is currently used
No version conflicts detected
Reading experimental results of 1 experiment...

Reading experimental results of experiment (1 / 1)...
The command "mlrl-testbed mlrl.seco --log-level debug --base-dir python/tests/res/tmp --data-dir python/tests/res/data --dataset emotions --result-dir results --save-evaluation true --data-split cross-validation --print-evaluation false --save-evaluation false --print-prediction-characteristics true --save-prediction-characteristics true" has been used originally for running this experiment
Performing full 10-fold cross validation...
Fold 1 / 10:
Reading input data from file "python/tests/res/tmp/results/prediction_characteristics_test_fold-1.csv"...
Prediction characteristics for test data (Fold 1):

Outputs                  6
Output Density          31.67
Output Sparsity         68.33
Label Imbalance Ratio    2.06
Label Cardinality        1.9
Distinct Label Vectors  16

Writing output data to file "python/tests/res/tmp/rerun/results/prediction_characteristics_test_fold-1.csv"...
Fold 2 / 10:
Reading input data from file "python/tests/res/tmp/results/prediction_characteristics_test_fold-2.csv"...
Prediction characteristics for test data (Fold 2):

Outputs                  6
Output Density          32.78
Output Sparsity         67.22
Label Imbalance Ratio    7.11
Label Cardinality        1.97
Distinct Label Vectors  19

Writing output data to file "python/tests/res/tmp/rerun/results/prediction_characteristics_test_fold-2.csv"...
Fold 3 / 10:
Reading input data from file "python/tests/res/tmp/results/prediction_characteristics_test_fold-3.csv"...
Prediction characteristics for test data (Fold 3):

Outputs                  6
Output Density          30.28
Output Sparsity         69.72
Label Imbalance Ratio    2.1
Label Cardinality        1.82
Distinct Label Vectors  15

Writing output data to file "python/tests/res/tmp/rerun/results/prediction_characteristics_test_fold-3.csv"...
Fold 4 / 10:
Reading input data from file "python/tests/res/tmp/results/prediction_characteristics_test_fold-4.csv"...
Prediction characteristics for test data (Fold 4):

Outputs                  6
Output Density          31.64
Output Sparsity         68.36
Label Imbalance Ratio    1.92
Label Cardinality        1.9
Distinct Label Vectors  17

Writing output data to file "python/tests/res/tmp/rerun/results/prediction_characteristics_test_fold-4.csv"...
Fold 5 / 10:
Reading input data from file "python/tests/res/tmp/results/prediction_characteristics_test_fold-5.csv"...
Prediction characteristics for test data (Fold 5):

Outputs                  6
Output Density          33.9
Output Sparsity         66.1
Label Imbalance Ratio    1.8
Label Cardinality        2.03
Distinct Label Vectors  12

Writing output data to file "python/tests/res/tmp/rerun/results/prediction_characteristics_test_fold-5.csv"...
Fold 6 / 10:
Reading input data from file "python/tests/res/tmp/results/prediction_characteristics_test_fold-6.csv"...
Prediction characteristics for test data (Fold 6):

Outputs                  6
Output Density          31.07
Output Sparsity         68.93
Label Imbalance Ratio    2
Label Cardinality        1.86
Distinct Label Vectors  18

Writing output data to file "python/tests/res/tmp/rerun/results/prediction_characteristics_test_fold-6.csv"...
Fold 7 / 10:
Reading input data from file "python/tests/res/tmp/results/prediction_characteristics_test_fold-7.csv"...
Prediction characteristics for test data (Fold 7):

Outputs                  6
Output Density          26.84
Output Sparsity         73.16
Label Imbalance Ratio    2.66
Label Cardinality        1.61
Distinct Label Vectors  12

Writing output data to file "python/tests/res/tmp/rerun/results/prediction_characteristics_test_fold-7.csv"...
Fold 8 / 10:
Reading input data from file "python/tests/res/tmp/results/prediction_characteristics_test_fold-8.csv"...
Prediction characteristics for test data (Fold 8):

Outputs                  6
Output Density          30.51
Output Sparsity         69.49
Label Imbalance Ratio    1.75
Label Cardinality        1.83
Distinct Label Vectors  11

Writing output data to file "python/tests/res/tmp/rerun/results/prediction_characteristics_test_fold-8.csv"...
Fold 9 / 10:
Reading input data from file "python/tests/res/tmp/results/prediction_characteristics_test_fold-9.csv"...
Prediction characteristics for test data (Fold 9):

Outputs                  6
Output Density          29.66
Output Sparsity         70.34
Label Imbalance Ratio    2.1
Label Cardinality        1.78
Distinct Label Vectors  15

Writing output data to file "python/tests/res/tmp/rerun/results/prediction_characteristics_test_fold-9.csv"...
Fold 10 / 10:
Reading input data from file "python/tests/res/tmp/results/prediction_characteristics_test_fold-10.csv"...
Prediction characteristics for test data (Fold 10):

Outputs                  6
Output Density          28.53
Output Sparsity         71.47
Label Imbalance Ratio    4.61
Label Cardinality        1.71
Distinct Label Vectors  13

Writing output data to file "python/tests/res/tmp/rerun/results/prediction_characteristics_test_fold-10.csv"...
