mlrl-testbed mlrl.boosting --log-level DEBUG --data-dir python/tests/res/data --dataset emotions --output-dir python/tests/res/tmp/results --output-sampling without-replacement
INFO Starting experiment using the classification algorithm "boomer"...
INFO Using separate training and test sets...
DEBUG Loading data set from file "python/tests/res/data/emotions.arff"...
DEBUG Parsing meta-data from file "python/tests/res/data/emotions.xml"...
INFO Fitting model to 397 training examples...
DEBUG A dense matrix is used to store the feature values of the training examples
DEBUG A dense matrix is used to store the labels of the training examples
INFO Successfully fit model in <duration>
INFO Predicting for 196 test examples...
DEBUG A dense matrix is used to store the feature values of the query examples
DEBUG A dense matrix is used to store the predicted labels
INFO Successfully predicted in <duration>
INFO Evaluation result for test data:

Example-wise F1         57.31
Example-wise Jaccard    49.32
Example-wise Precision  79.42
Example-wise Recall     57.14
Hamming Accuracy        80.44
Hamming Loss            19.56
Macro F1                62.55
Macro Jaccard           47.01
Macro Precision         75.26
Macro Recall            55.63
Micro F1                65.05
Micro Jaccard           48.2
Micro Precision         75.62
Micro Recall            57.07
Subset 0/1 Loss         77.04
Subset Accuracy         22.96

DEBUG Writing output data to file "python/tests/res/tmp/results/evaluation_test_overall.csv"...
INFO Successfully finished after <duration>
