mlrl-testbed mlrl.boosting --log-level debug --data-dir python/tests/res/data --dataset emotions --output-dir python/tests/res/tmp/results --save-evaluation true --data-split cross-validation --print-evaluation true --save-evaluation true
INFO Starting experiment using the classification algorithm "BoomerClassifier"...
INFO Performing full 10-fold cross validation...
INFO Fold 1 / 10:
DEBUG Reading input data from file "python/tests/res/data/emotions.arff"...
DEBUG Parsing meta-data from file "python/tests/res/data/emotions.xml"...
INFO Fitting model to 533 training examples...
DEBUG A dense matrix is used to store the feature values of the training examples
DEBUG A dense matrix is used to store the labels of the training examples
INFO Successfully fit model in <duration>
INFO Predicting for 60 test examples...
DEBUG A dense matrix is used to store the feature values of the query examples
DEBUG A dense matrix is used to store the predicted labels
INFO Successfully predicted in <duration>
INFO Evaluation result for test data (Fold 1):

Example-wise F1         64.94
Example-wise Jaccard    57.08
Example-wise Precision  73.61
Example-wise Recall     65.56
Hamming Accuracy        82.22
Hamming Loss            17.78
Macro F1                68.42
Macro Jaccard           53.07
Macro Precision         77.72
Macro Recall            64.44
Micro F1                70.64
Micro Jaccard           54.61
Micro Precision         76.24
Micro Recall            65.81
Subset 0/1 Loss         68.33
Subset Accuracy         31.67

DEBUG Writing output data to file "python/tests/res/tmp/results/evaluation_test_fold-1.csv"...
INFO Fold 2 / 10:
INFO Fitting model to 533 training examples...
DEBUG A dense matrix is used to store the feature values of the training examples
DEBUG A dense matrix is used to store the labels of the training examples
INFO Successfully fit model in <duration>
INFO Predicting for 60 test examples...
DEBUG A dense matrix is used to store the feature values of the query examples
DEBUG A dense matrix is used to store the predicted labels
INFO Successfully predicted in <duration>
INFO Evaluation result for test data (Fold 2):

Example-wise F1         65.28
Example-wise Jaccard    57.92
Example-wise Precision  79.44
Example-wise Recall     64.44
Hamming Accuracy        81.67
Hamming Loss            18.33
Macro F1                68.28
Macro Jaccard           52.76
Macro Precision         79.01
Macro Recall            62.27
Micro F1                69.44
Micro Jaccard           53.19
Micro Precision         78.12
Micro Recall            62.5
Subset 0/1 Loss         65
Subset Accuracy         35

DEBUG Writing output data to file "python/tests/res/tmp/results/evaluation_test_fold-2.csv"...
INFO Fold 3 / 10:
INFO Fitting model to 533 training examples...
DEBUG A dense matrix is used to store the feature values of the training examples
DEBUG A dense matrix is used to store the labels of the training examples
INFO Successfully fit model in <duration>
INFO Predicting for 60 test examples...
DEBUG A dense matrix is used to store the feature values of the query examples
DEBUG A dense matrix is used to store the predicted labels
INFO Successfully predicted in <duration>
INFO Evaluation result for test data (Fold 3):

Example-wise F1         62.5
Example-wise Jaccard    54.86
Example-wise Precision  71.67
Example-wise Recall     65.28
Hamming Accuracy        80
Hamming Loss            20
Macro F1                64.75
Macro Jaccard           48.88
Macro Precision         69.95
Macro Recall            62.53
Micro F1                66.97
Micro Jaccard           50.34
Micro Precision         70.19
Micro Recall            64.04
Subset 0/1 Loss         68.33
Subset Accuracy         31.67

DEBUG Writing output data to file "python/tests/res/tmp/results/evaluation_test_fold-3.csv"...
INFO Fold 4 / 10:
INFO Fitting model to 534 training examples...
DEBUG A dense matrix is used to store the feature values of the training examples
DEBUG A dense matrix is used to store the labels of the training examples
INFO Successfully fit model in <duration>
INFO Predicting for 59 test examples...
DEBUG A dense matrix is used to store the feature values of the query examples
DEBUG A dense matrix is used to store the predicted labels
INFO Successfully predicted in <duration>
INFO Evaluation result for test data (Fold 4):

Example-wise F1         61.07
Example-wise Jaccard    53.67
Example-wise Precision  77.12
Example-wise Recall     60.17
Hamming Accuracy        81.64
Hamming Loss            18.36
Macro F1                63.33
Macro Jaccard           48.01
Macro Precision         71.28
Macro Recall            59.32
Micro F1                65.61
Micro Jaccard           48.82
Micro Precision         71.26
Micro Recall            60.78
Subset 0/1 Loss         67.8
Subset Accuracy         32.2

DEBUG Writing output data to file "python/tests/res/tmp/results/evaluation_test_fold-4.csv"...
INFO Fold 5 / 10:
INFO Fitting model to 534 training examples...
DEBUG A dense matrix is used to store the feature values of the training examples
DEBUG A dense matrix is used to store the labels of the training examples
INFO Successfully fit model in <duration>
INFO Predicting for 59 test examples...
DEBUG A dense matrix is used to store the feature values of the query examples
DEBUG A dense matrix is used to store the predicted labels
INFO Successfully predicted in <duration>
INFO Evaluation result for test data (Fold 5):

Example-wise F1         68.7
Example-wise Jaccard    61.02
Example-wise Precision  79.66
Example-wise Recall     69.49
Hamming Accuracy        83.62
Hamming Loss            16.38
Macro F1                72.28
Macro Jaccard           57.29
Macro Precision         82.82
Macro Recall            67.86
Micro F1                73.15
Micro Jaccard           57.66
Micro Precision         78.22
Micro Recall            68.7
Subset 0/1 Loss         64.41
Subset Accuracy         35.59

DEBUG Writing output data to file "python/tests/res/tmp/results/evaluation_test_fold-5.csv"...
INFO Fold 6 / 10:
INFO Fitting model to 534 training examples...
DEBUG A dense matrix is used to store the feature values of the training examples
DEBUG A dense matrix is used to store the labels of the training examples
INFO Successfully fit model in <duration>
INFO Predicting for 59 test examples...
DEBUG A dense matrix is used to store the feature values of the query examples
DEBUG A dense matrix is used to store the predicted labels
INFO Successfully predicted in <duration>
INFO Evaluation result for test data (Fold 6):

Example-wise F1         62.54
Example-wise Jaccard    55.51
Example-wise Precision  72.6
Example-wise Recall     66.38
Hamming Accuracy        81.07
Hamming Loss            18.93
Macro F1                65.56
Macro Jaccard           49.85
Macro Precision         71.04
Macro Recall            67.46
Micro F1                66.67
Micro Jaccard           50
Micro Precision         69.07
Micro Recall            64.42
Subset 0/1 Loss         64.41
Subset Accuracy         35.59

DEBUG Writing output data to file "python/tests/res/tmp/results/evaluation_test_fold-6.csv"...
INFO Fold 7 / 10:
INFO Fitting model to 534 training examples...
DEBUG A dense matrix is used to store the feature values of the training examples
DEBUG A dense matrix is used to store the labels of the training examples
INFO Successfully fit model in <duration>
INFO Predicting for 59 test examples...
DEBUG A dense matrix is used to store the feature values of the query examples
DEBUG A dense matrix is used to store the predicted labels
INFO Successfully predicted in <duration>
INFO Evaluation result for test data (Fold 7):

Example-wise F1         60.51
Example-wise Jaccard    53.81
Example-wise Precision  71.47
Example-wise Recall     62.15
Hamming Accuracy        81.36
Hamming Loss            18.64
Macro F1                63.47
Macro Jaccard           48.39
Macro Precision         68.54
Macro Recall            60.42
Micro F1                67
Micro Jaccard           50.38
Micro Precision         71.28
Micro Recall            63.21
Subset 0/1 Loss         66.1
Subset Accuracy         33.9

DEBUG Writing output data to file "python/tests/res/tmp/results/evaluation_test_fold-7.csv"...
INFO Fold 8 / 10:
INFO Fitting model to 534 training examples...
DEBUG A dense matrix is used to store the feature values of the training examples
DEBUG A dense matrix is used to store the labels of the training examples
INFO Successfully fit model in <duration>
INFO Predicting for 59 test examples...
DEBUG A dense matrix is used to store the feature values of the query examples
DEBUG A dense matrix is used to store the predicted labels
INFO Successfully predicted in <duration>
INFO Evaluation result for test data (Fold 8):

Example-wise F1         68.93
Example-wise Jaccard    61.86
Example-wise Precision  74.86
Example-wise Recall     73.16
Hamming Accuracy        84.46
Hamming Loss            15.54
Macro F1                72.99
Macro Jaccard           58.83
Macro Precision         73.47
Macro Recall            75.48
Micro F1                74.65
Micro Jaccard           59.56
Micro Precision         73.64
Micro Recall            75.7
Subset 0/1 Loss         62.71
Subset Accuracy         37.29

DEBUG Writing output data to file "python/tests/res/tmp/results/evaluation_test_fold-8.csv"...
INFO Fold 9 / 10:
INFO Fitting model to 534 training examples...
DEBUG A dense matrix is used to store the feature values of the training examples
DEBUG A dense matrix is used to store the labels of the training examples
INFO Successfully fit model in <duration>
INFO Predicting for 59 test examples...
DEBUG A dense matrix is used to store the feature values of the query examples
DEBUG A dense matrix is used to store the predicted labels
INFO Successfully predicted in <duration>
INFO Evaluation result for test data (Fold 9):

Example-wise F1         61.41
Example-wise Jaccard    51.84
Example-wise Precision  69.77
Example-wise Recall     64.12
Hamming Accuracy        79.66
Hamming Loss            20.34
Macro F1                65.79
Macro Jaccard           50.78
Macro Precision         68.32
Macro Recall            64.11
Micro F1                67.57
Micro Jaccard           51.02
Micro Precision         68.81
Micro Recall            66.37
Subset 0/1 Loss         77.97
Subset Accuracy         22.03

DEBUG Writing output data to file "python/tests/res/tmp/results/evaluation_test_fold-9.csv"...
INFO Fold 10 / 10:
INFO Fitting model to 534 training examples...
DEBUG A dense matrix is used to store the feature values of the training examples
DEBUG A dense matrix is used to store the labels of the training examples
INFO Successfully fit model in <duration>
INFO Predicting for 59 test examples...
DEBUG A dense matrix is used to store the feature values of the query examples
DEBUG A dense matrix is used to store the predicted labels
INFO Successfully predicted in <duration>
INFO Evaluation result for test data (Fold 10):

Example-wise F1         60.23
Example-wise Jaccard    51.98
Example-wise Precision  74.58
Example-wise Recall     61.02
Hamming Accuracy        80.51
Hamming Loss            19.49
Macro F1                65.09
Macro Jaccard           48.97
Macro Precision         71.11
Macro Recall            60.98
Micro F1                66.01
Micro Jaccard           49.26
Micro Precision         72.04
Micro Recall            60.91
Subset 0/1 Loss         71.19
Subset Accuracy         28.81

INFO Evaluation result for test data (Average across 10 folds):

Example-wise F1         63.61  ±3.06
Example-wise Jaccard    55.96  ±3.31
Example-wise Precision  74.48  ±3.19
Example-wise Recall     65.18  ±3.70
Hamming Accuracy        81.62  ±1.43
Hamming Loss            18.38  ±1.43
Macro F1                67     ±3.25
Macro Jaccard           51.68  ±3.60
Macro Precision         73.33  ±4.64
Macro Recall            64.49  ±4.53
Micro F1                68.77  ±2.96
Micro Jaccard           52.48  ±3.51
Micro Precision         72.89  ±3.35
Micro Recall            65.24  ±4.19
Subset 0/1 Loss         67.62  ±4.18
Subset Accuracy         32.38  ±4.18

DEBUG Writing output data to file "python/tests/res/tmp/results/evaluation_test_fold-10.csv"...
DEBUG Writing output data to file "python/tests/res/tmp/results/evaluation_test.csv"...
INFO Successfully finished after <duration>
