mlrl-testbed mlrl.boosting --log-level debug --data-dir python/tests/res/data --dataset emotions --base-dir python/tests/res/tmp --result-dir results --save-evaluation true --data-split cross-validation{first_fold=1,last_fold=1} --print-evaluation false --save-evaluation false --print-prediction-characteristics true --save-prediction-characteristics true
Starting experiment using the classification algorithm "BoomerClassifier"...
Performing fold 1 of 10-fold cross validation...
Fold 1 / 10:
Reading input data from file "python/tests/res/data/emotions.arff"...
Parsing meta-data from file "python/tests/res/data/emotions.xml"...
Fitting model to 533 training examples...
A dense matrix is used to store the feature values of the training examples
A dense matrix is used to store the labels of the training examples
Successfully fit model in <duration>
Predicting for 60 test examples...
A dense matrix is used to store the feature values of the query examples
A dense matrix is used to store the predicted labels
Successfully predicted in <duration>
Prediction characteristics for test data (Fold 1):

Outputs                  6
Output Density          28.06
Output Sparsity         71.94
Label Imbalance Ratio    2.21
Label Cardinality        1.68
Distinct Label Vectors  13

Writing output data to file "python/tests/res/tmp/results/prediction_characteristics_test_fold-1.csv"...
Successfully finished experiment after <duration>
