mlrl-testbed mlrl.boosting --mode read --log-level debug --base-dir python/tests/res/tmp/rerun --input-dir python/tests/res/tmp --save-evaluation true --print-evaluation false --save-evaluation false --print-model-characteristics true --save-model-characteristics true
Reading meta-data...
Reading input data from file "python/tests/res/tmp/metadata.yml"...
Successfully read meta-data
Checking for version conflicts...
Experimental results have been created with version "<version>" of the package "mlrl-testbed", version "<version>" is currently used
No version conflicts detected
Reading experimental results of 1 experiment...

Reading experimental results of experiment (1 / 1)...
The command "mlrl-testbed mlrl.boosting --log-level debug --base-dir python/tests/res/tmp --data-dir python/tests/res/data --dataset atp7d --result-dir results --problem-type regression --save-evaluation true --data-split cross-validation --print-evaluation false --save-evaluation false --print-model-characteristics true --save-model-characteristics true" has been used originally for running this experiment
Performing full 10-fold cross validation...
Fold 1 / 10:
Reading input data from file "python/tests/res/tmp/results/model_characteristics_fold-1.csv"...
Model characteristics (Fold 1):

┌───────────────────────────────┬─────────┬─────────────────────────┬────────────────────────┬───────────────────────┬──────────────────────┬───────────────────────┬───────────────────────┐
│ Statistics about conditions   │   Total │   Numerical <= operator │   Numerical > operator │   Ordinal <= operator │   Ordinal > operator │   Nominal == operator │   Nominal != operator │
├───────────────────────────────┼─────────┼─────────────────────────┼────────────────────────┼───────────────────────┼──────────────────────┼───────────────────────┼───────────────────────┤
│ Default rule                  │       0 │                   0.00% │                  0.00% │                 0.00% │                0.00% │                 0.00% │                 0.00% │
│ 999 local rules               │    3676 │                  52.83% │                 47.17% │                 0.00% │                0.00% │                 0.00% │                 0.00% │
└───────────────────────────────┴─────────┴─────────────────────────┴────────────────────────┴───────────────────────┴──────────────────────┴───────────────────────┴───────────────────────┘

┌────────────────────────────────┬─────────┬────────────┬────────────┐
│ Statistics about predictions   │   Total │   Positive │   Negative │
├────────────────────────────────┼─────────┼────────────┼────────────┤
│ Default rule                   │       6 │    100.00% │      0.00% │
│ 999 local rules                │    5994 │     50.77% │     49.23% │
└────────────────────────────────┴─────────┴────────────┴────────────┘

┌─────────────────────────────┬───────────┬───────────┬───────────┐
│ Statistics per local rule   │   Minimum │   Average │   Maximum │
├─────────────────────────────┼───────────┼───────────┼───────────┤
│ Conditions                  │         1 │      3.68 │        18 │
│ Predictions                 │         6 │      6    │         6 │
└─────────────────────────────┴───────────┴───────────┴───────────┘

Writing output data to file "python/tests/res/tmp/rerun/results/model_characteristics_fold-1.csv"...
Fold 2 / 10:
Reading input data from file "python/tests/res/tmp/results/model_characteristics_fold-2.csv"...
Model characteristics (Fold 2):

┌───────────────────────────────┬─────────┬─────────────────────────┬────────────────────────┬───────────────────────┬──────────────────────┬───────────────────────┬───────────────────────┐
│ Statistics about conditions   │   Total │   Numerical <= operator │   Numerical > operator │   Ordinal <= operator │   Ordinal > operator │   Nominal == operator │   Nominal != operator │
├───────────────────────────────┼─────────┼─────────────────────────┼────────────────────────┼───────────────────────┼──────────────────────┼───────────────────────┼───────────────────────┤
│ Default rule                  │       0 │                   0.00% │                  0.00% │                 0.00% │                0.00% │                 0.00% │                 0.00% │
│ 999 local rules               │    3663 │                  52.28% │                 47.72% │                 0.00% │                0.00% │                 0.00% │                 0.00% │
└───────────────────────────────┴─────────┴─────────────────────────┴────────────────────────┴───────────────────────┴──────────────────────┴───────────────────────┴───────────────────────┘

┌────────────────────────────────┬─────────┬────────────┬────────────┐
│ Statistics about predictions   │   Total │   Positive │   Negative │
├────────────────────────────────┼─────────┼────────────┼────────────┤
│ Default rule                   │       6 │    100.00% │      0.00% │
│ 999 local rules                │    5994 │     51.35% │     48.65% │
└────────────────────────────────┴─────────┴────────────┴────────────┘

┌─────────────────────────────┬───────────┬───────────┬───────────┐
│ Statistics per local rule   │   Minimum │   Average │   Maximum │
├─────────────────────────────┼───────────┼───────────┼───────────┤
│ Conditions                  │         1 │      3.67 │        14 │
│ Predictions                 │         6 │      6    │         6 │
└─────────────────────────────┴───────────┴───────────┴───────────┘

Writing output data to file "python/tests/res/tmp/rerun/results/model_characteristics_fold-2.csv"...
Fold 3 / 10:
Reading input data from file "python/tests/res/tmp/results/model_characteristics_fold-3.csv"...
Model characteristics (Fold 3):

┌───────────────────────────────┬─────────┬─────────────────────────┬────────────────────────┬───────────────────────┬──────────────────────┬───────────────────────┬───────────────────────┐
│ Statistics about conditions   │   Total │   Numerical <= operator │   Numerical > operator │   Ordinal <= operator │   Ordinal > operator │   Nominal == operator │   Nominal != operator │
├───────────────────────────────┼─────────┼─────────────────────────┼────────────────────────┼───────────────────────┼──────────────────────┼───────────────────────┼───────────────────────┤
│ Default rule                  │       0 │                   0.00% │                  0.00% │                 0.00% │                0.00% │                 0.00% │                 0.00% │
│ 999 local rules               │    3649 │                  53.19% │                 46.81% │                 0.00% │                0.00% │                 0.00% │                 0.00% │
└───────────────────────────────┴─────────┴─────────────────────────┴────────────────────────┴───────────────────────┴──────────────────────┴───────────────────────┴───────────────────────┘

┌────────────────────────────────┬─────────┬────────────┬────────────┐
│ Statistics about predictions   │   Total │   Positive │   Negative │
├────────────────────────────────┼─────────┼────────────┼────────────┤
│ Default rule                   │       6 │    100.00% │      0.00% │
│ 999 local rules                │    5994 │     50.15% │     49.85% │
└────────────────────────────────┴─────────┴────────────┴────────────┘

┌─────────────────────────────┬───────────┬───────────┬───────────┐
│ Statistics per local rule   │   Minimum │   Average │   Maximum │
├─────────────────────────────┼───────────┼───────────┼───────────┤
│ Conditions                  │         1 │      3.65 │        15 │
│ Predictions                 │         6 │      6    │         6 │
└─────────────────────────────┴───────────┴───────────┴───────────┘

Writing output data to file "python/tests/res/tmp/rerun/results/model_characteristics_fold-3.csv"...
Fold 4 / 10:
Reading input data from file "python/tests/res/tmp/results/model_characteristics_fold-4.csv"...
Model characteristics (Fold 4):

┌───────────────────────────────┬─────────┬─────────────────────────┬────────────────────────┬───────────────────────┬──────────────────────┬───────────────────────┬───────────────────────┐
│ Statistics about conditions   │   Total │   Numerical <= operator │   Numerical > operator │   Ordinal <= operator │   Ordinal > operator │   Nominal == operator │   Nominal != operator │
├───────────────────────────────┼─────────┼─────────────────────────┼────────────────────────┼───────────────────────┼──────────────────────┼───────────────────────┼───────────────────────┤
│ Default rule                  │       0 │                   0.00% │                  0.00% │                 0.00% │                0.00% │                 0.00% │                 0.00% │
│ 999 local rules               │    3588 │                  52.73% │                 47.27% │                 0.00% │                0.00% │                 0.00% │                 0.00% │
└───────────────────────────────┴─────────┴─────────────────────────┴────────────────────────┴───────────────────────┴──────────────────────┴───────────────────────┴───────────────────────┘

┌────────────────────────────────┬─────────┬────────────┬────────────┐
│ Statistics about predictions   │   Total │   Positive │   Negative │
├────────────────────────────────┼─────────┼────────────┼────────────┤
│ Default rule                   │       6 │    100.00% │      0.00% │
│ 999 local rules                │    5994 │     50.23% │     49.77% │
└────────────────────────────────┴─────────┴────────────┴────────────┘

┌─────────────────────────────┬───────────┬───────────┬───────────┐
│ Statistics per local rule   │   Minimum │   Average │   Maximum │
├─────────────────────────────┼───────────┼───────────┼───────────┤
│ Conditions                  │         1 │      3.59 │        14 │
│ Predictions                 │         6 │      6    │         6 │
└─────────────────────────────┴───────────┴───────────┴───────────┘

Writing output data to file "python/tests/res/tmp/rerun/results/model_characteristics_fold-4.csv"...
Fold 5 / 10:
Reading input data from file "python/tests/res/tmp/results/model_characteristics_fold-5.csv"...
Model characteristics (Fold 5):

┌───────────────────────────────┬─────────┬─────────────────────────┬────────────────────────┬───────────────────────┬──────────────────────┬───────────────────────┬───────────────────────┐
│ Statistics about conditions   │   Total │   Numerical <= operator │   Numerical > operator │   Ordinal <= operator │   Ordinal > operator │   Nominal == operator │   Nominal != operator │
├───────────────────────────────┼─────────┼─────────────────────────┼────────────────────────┼───────────────────────┼──────────────────────┼───────────────────────┼───────────────────────┤
│ Default rule                  │       0 │                   0.00% │                  0.00% │                 0.00% │                0.00% │                 0.00% │                 0.00% │
│ 999 local rules               │    3646 │                  53.46% │                 46.54% │                 0.00% │                0.00% │                 0.00% │                 0.00% │
└───────────────────────────────┴─────────┴─────────────────────────┴────────────────────────┴───────────────────────┴──────────────────────┴───────────────────────┴───────────────────────┘

┌────────────────────────────────┬─────────┬────────────┬────────────┐
│ Statistics about predictions   │   Total │   Positive │   Negative │
├────────────────────────────────┼─────────┼────────────┼────────────┤
│ Default rule                   │       6 │    100.00% │      0.00% │
│ 999 local rules                │    5994 │     49.92% │     50.08% │
└────────────────────────────────┴─────────┴────────────┴────────────┘

┌─────────────────────────────┬───────────┬───────────┬───────────┐
│ Statistics per local rule   │   Minimum │   Average │   Maximum │
├─────────────────────────────┼───────────┼───────────┼───────────┤
│ Conditions                  │         1 │      3.65 │        15 │
│ Predictions                 │         6 │      6    │         6 │
└─────────────────────────────┴───────────┴───────────┴───────────┘

Writing output data to file "python/tests/res/tmp/rerun/results/model_characteristics_fold-5.csv"...
Fold 6 / 10:
Reading input data from file "python/tests/res/tmp/results/model_characteristics_fold-6.csv"...
Model characteristics (Fold 6):

┌───────────────────────────────┬─────────┬─────────────────────────┬────────────────────────┬───────────────────────┬──────────────────────┬───────────────────────┬───────────────────────┐
│ Statistics about conditions   │   Total │   Numerical <= operator │   Numerical > operator │   Ordinal <= operator │   Ordinal > operator │   Nominal == operator │   Nominal != operator │
├───────────────────────────────┼─────────┼─────────────────────────┼────────────────────────┼───────────────────────┼──────────────────────┼───────────────────────┼───────────────────────┤
│ Default rule                  │       0 │                   0.00% │                  0.00% │                 0.00% │                0.00% │                 0.00% │                 0.00% │
│ 999 local rules               │    3690 │                  52.22% │                 47.78% │                 0.00% │                0.00% │                 0.00% │                 0.00% │
└───────────────────────────────┴─────────┴─────────────────────────┴────────────────────────┴───────────────────────┴──────────────────────┴───────────────────────┴───────────────────────┘

┌────────────────────────────────┬─────────┬────────────┬────────────┐
│ Statistics about predictions   │   Total │   Positive │   Negative │
├────────────────────────────────┼─────────┼────────────┼────────────┤
│ Default rule                   │       6 │    100.00% │      0.00% │
│ 999 local rules                │    5994 │     50.37% │     49.63% │
└────────────────────────────────┴─────────┴────────────┴────────────┘

┌─────────────────────────────┬───────────┬───────────┬───────────┐
│ Statistics per local rule   │   Minimum │   Average │   Maximum │
├─────────────────────────────┼───────────┼───────────┼───────────┤
│ Conditions                  │         1 │      3.69 │        13 │
│ Predictions                 │         6 │      6    │         6 │
└─────────────────────────────┴───────────┴───────────┴───────────┘

Writing output data to file "python/tests/res/tmp/rerun/results/model_characteristics_fold-6.csv"...
Fold 7 / 10:
Reading input data from file "python/tests/res/tmp/results/model_characteristics_fold-7.csv"...
Model characteristics (Fold 7):

┌───────────────────────────────┬─────────┬─────────────────────────┬────────────────────────┬───────────────────────┬──────────────────────┬───────────────────────┬───────────────────────┐
│ Statistics about conditions   │   Total │   Numerical <= operator │   Numerical > operator │   Ordinal <= operator │   Ordinal > operator │   Nominal == operator │   Nominal != operator │
├───────────────────────────────┼─────────┼─────────────────────────┼────────────────────────┼───────────────────────┼──────────────────────┼───────────────────────┼───────────────────────┤
│ Default rule                  │       0 │                   0.00% │                  0.00% │                 0.00% │                0.00% │                 0.00% │                 0.00% │
│ 999 local rules               │    3647 │                  51.74% │                 48.26% │                 0.00% │                0.00% │                 0.00% │                 0.00% │
└───────────────────────────────┴─────────┴─────────────────────────┴────────────────────────┴───────────────────────┴──────────────────────┴───────────────────────┴───────────────────────┘

┌────────────────────────────────┬─────────┬────────────┬────────────┐
│ Statistics about predictions   │   Total │   Positive │   Negative │
├────────────────────────────────┼─────────┼────────────┼────────────┤
│ Default rule                   │       6 │    100.00% │      0.00% │
│ 999 local rules                │    5994 │     50.20% │     49.80% │
└────────────────────────────────┴─────────┴────────────┴────────────┘

┌─────────────────────────────┬───────────┬───────────┬───────────┐
│ Statistics per local rule   │   Minimum │   Average │   Maximum │
├─────────────────────────────┼───────────┼───────────┼───────────┤
│ Conditions                  │         1 │      3.65 │        15 │
│ Predictions                 │         6 │      6    │         6 │
└─────────────────────────────┴───────────┴───────────┴───────────┘

Writing output data to file "python/tests/res/tmp/rerun/results/model_characteristics_fold-7.csv"...
Fold 8 / 10:
Reading input data from file "python/tests/res/tmp/results/model_characteristics_fold-8.csv"...
Model characteristics (Fold 8):

┌───────────────────────────────┬─────────┬─────────────────────────┬────────────────────────┬───────────────────────┬──────────────────────┬───────────────────────┬───────────────────────┐
│ Statistics about conditions   │   Total │   Numerical <= operator │   Numerical > operator │   Ordinal <= operator │   Ordinal > operator │   Nominal == operator │   Nominal != operator │
├───────────────────────────────┼─────────┼─────────────────────────┼────────────────────────┼───────────────────────┼──────────────────────┼───────────────────────┼───────────────────────┤
│ Default rule                  │       0 │                   0.00% │                  0.00% │                 0.00% │                0.00% │                 0.00% │                 0.00% │
│ 999 local rules               │    3824 │                  51.39% │                 48.61% │                 0.00% │                0.00% │                 0.00% │                 0.00% │
└───────────────────────────────┴─────────┴─────────────────────────┴────────────────────────┴───────────────────────┴──────────────────────┴───────────────────────┴───────────────────────┘

┌────────────────────────────────┬─────────┬────────────┬────────────┐
│ Statistics about predictions   │   Total │   Positive │   Negative │
├────────────────────────────────┼─────────┼────────────┼────────────┤
│ Default rule                   │       6 │    100.00% │      0.00% │
│ 999 local rules                │    5994 │     51.05% │     48.95% │
└────────────────────────────────┴─────────┴────────────┴────────────┘

┌─────────────────────────────┬───────────┬───────────┬───────────┐
│ Statistics per local rule   │   Minimum │   Average │   Maximum │
├─────────────────────────────┼───────────┼───────────┼───────────┤
│ Conditions                  │         1 │      3.83 │        14 │
│ Predictions                 │         6 │      6    │         6 │
└─────────────────────────────┴───────────┴───────────┴───────────┘

Writing output data to file "python/tests/res/tmp/rerun/results/model_characteristics_fold-8.csv"...
Fold 9 / 10:
Reading input data from file "python/tests/res/tmp/results/model_characteristics_fold-9.csv"...
Model characteristics (Fold 9):

┌───────────────────────────────┬─────────┬─────────────────────────┬────────────────────────┬───────────────────────┬──────────────────────┬───────────────────────┬───────────────────────┐
│ Statistics about conditions   │   Total │   Numerical <= operator │   Numerical > operator │   Ordinal <= operator │   Ordinal > operator │   Nominal == operator │   Nominal != operator │
├───────────────────────────────┼─────────┼─────────────────────────┼────────────────────────┼───────────────────────┼──────────────────────┼───────────────────────┼───────────────────────┤
│ Default rule                  │       0 │                   0.00% │                  0.00% │                 0.00% │                0.00% │                 0.00% │                 0.00% │
│ 999 local rules               │    3633 │                  54.14% │                 45.86% │                 0.00% │                0.00% │                 0.00% │                 0.00% │
└───────────────────────────────┴─────────┴─────────────────────────┴────────────────────────┴───────────────────────┴──────────────────────┴───────────────────────┴───────────────────────┘

┌────────────────────────────────┬─────────┬────────────┬────────────┐
│ Statistics about predictions   │   Total │   Positive │   Negative │
├────────────────────────────────┼─────────┼────────────┼────────────┤
│ Default rule                   │       6 │    100.00% │      0.00% │
│ 999 local rules                │    5994 │     48.73% │     51.27% │
└────────────────────────────────┴─────────┴────────────┴────────────┘

┌─────────────────────────────┬───────────┬───────────┬───────────┐
│ Statistics per local rule   │   Minimum │   Average │   Maximum │
├─────────────────────────────┼───────────┼───────────┼───────────┤
│ Conditions                  │         1 │      3.64 │        14 │
│ Predictions                 │         6 │      6    │         6 │
└─────────────────────────────┴───────────┴───────────┴───────────┘

Writing output data to file "python/tests/res/tmp/rerun/results/model_characteristics_fold-9.csv"...
Fold 10 / 10:
Reading input data from file "python/tests/res/tmp/results/model_characteristics_fold-10.csv"...
Model characteristics (Fold 10):

┌───────────────────────────────┬─────────┬─────────────────────────┬────────────────────────┬───────────────────────┬──────────────────────┬───────────────────────┬───────────────────────┐
│ Statistics about conditions   │   Total │   Numerical <= operator │   Numerical > operator │   Ordinal <= operator │   Ordinal > operator │   Nominal == operator │   Nominal != operator │
├───────────────────────────────┼─────────┼─────────────────────────┼────────────────────────┼───────────────────────┼──────────────────────┼───────────────────────┼───────────────────────┤
│ Default rule                  │       0 │                   0.00% │                  0.00% │                 0.00% │                0.00% │                 0.00% │                 0.00% │
│ 999 local rules               │    3665 │                  52.77% │                 47.23% │                 0.00% │                0.00% │                 0.00% │                 0.00% │
└───────────────────────────────┴─────────┴─────────────────────────┴────────────────────────┴───────────────────────┴──────────────────────┴───────────────────────┴───────────────────────┘

┌────────────────────────────────┬─────────┬────────────┬────────────┐
│ Statistics about predictions   │   Total │   Positive │   Negative │
├────────────────────────────────┼─────────┼────────────┼────────────┤
│ Default rule                   │       6 │    100.00% │      0.00% │
│ 999 local rules                │    5994 │     50.15% │     49.85% │
└────────────────────────────────┴─────────┴────────────┴────────────┘

┌─────────────────────────────┬───────────┬───────────┬───────────┐
│ Statistics per local rule   │   Minimum │   Average │   Maximum │
├─────────────────────────────┼───────────┼───────────┼───────────┤
│ Conditions                  │         1 │      3.67 │        16 │
│ Predictions                 │         6 │      6    │         6 │
└─────────────────────────────┴───────────┴───────────┴───────────┘

Writing output data to file "python/tests/res/tmp/rerun/results/model_characteristics_fold-10.csv"...
