mlrl-testbed mlrl.boosting --log-level DEBUG --data-dir python/tests/res/data --dataset emotions --output-dir python/tests/res/tmp/results --feature-sampling none
INFO Starting experiment using the classification algorithm "boomer"...
INFO Using separate training and test sets...
DEBUG Loading data set from file "python/tests/res/data/emotions.arff"...
DEBUG Parsing meta-data from file "python/tests/res/data/emotions.xml"...
INFO Fitting model to 397 training examples...
DEBUG A dense matrix is used to store the feature values of the training examples
DEBUG A dense matrix is used to store the labels of the training examples
INFO Successfully fit model in <duration>
INFO Predicting for 196 test examples...
DEBUG A dense matrix is used to store the feature values of the query examples
DEBUG A dense matrix is used to store the predicted labels
INFO Successfully predicted in <duration>
INFO Evaluation result for test data:

Example-wise F1         61.12
Example-wise Jaccard    53.32
Example-wise Precision  77.98
Example-wise Recall     60.29
Hamming Accuracy        81.21
Hamming Loss            18.79
Macro F1                65
Macro Jaccard           49.06
Macro Precision         76.72
Macro Recall            58.4
Micro F1                66.97
Micro Jaccard           50.34
Micro Precision         76.19
Micro Recall            59.73
Subset 0/1 Loss         71.43
Subset Accuracy         28.57

DEBUG Writing output data to file "python/tests/res/tmp/results/evaluation_test.csv"...
INFO Successfully finished after <duration>
