<<<<<<<< HEAD:python/tests/res/out/boosting/classification/loss-squared-hinge-decomposable/std.out
testbed mlrl.boosting --log-level DEBUG --data-dir python/tests/res/data --dataset emotions --output-dir python/tests/res/tmp/results --loss squared-hinge-decomposable
========
mlrl-testbed mlrl.boosting --log-level DEBUG --data-dir python/tests/res/data --dataset emotions --loss squared-hinge-decomposable --statistic-type 32-bit
>>>>>>>> feature:python/tests/res/out/boosting/classification/loss-squared-hinge-decomposable_32-bit-statistics.txt
INFO Starting experiment using the classification algorithm "boomer"...
INFO Using separate training and test sets...
DEBUG Loading data set from file "python/tests/res/data/emotions.arff"...
DEBUG Parsing meta-data from file "python/tests/res/data/emotions.xml"...
INFO Fitting model to 397 training examples...
DEBUG A dense matrix is used to store the feature values of the training examples
DEBUG A dense matrix is used to store the labels of the training examples
INFO Successfully fit model in <duration>
INFO Predicting for 196 test examples...
DEBUG A dense matrix is used to store the feature values of the query examples
DEBUG A dense matrix is used to store the predicted labels
INFO Successfully predicted in <duration>
INFO Evaluation result for test data:

Example-wise F1         58.81
Example-wise Jaccard    50.95
Example-wise Precision  74.45
Example-wise Recall     60.03
Hamming Accuracy        79.34
Hamming Loss            20.66
Macro F1                63.55
Macro Jaccard           47.02
Macro Precision         71.23
Macro Recall            57.86
Micro F1                64.32
Micro Jaccard           47.4
Micro Precision         71.57
Micro Recall            58.4
Subset 0/1 Loss         74.49
Subset Accuracy         25.51

INFO Successfully finished after <duration>
