testbed mlrl.boosting --log-level DEBUG --data-dir python/tests/res/data --dataset atp7d --output-dir python/tests/res/tmp/results --problem-type regression --instance-sampling without-replacement
INFO Starting experiment using the regression algorithm "boomer"...
INFO Using separate training and test sets...
DEBUG Parsing meta-data from file "python/tests/res/data/atp7d.xml"...
DEBUG Loading data set from file "python/tests/res/data/atp7d.arff"...
INFO Fitting model to 198 training examples...
DEBUG A dense matrix is used to store the feature values of the training examples
DEBUG A dense matrix is used to store the regression scores of the training examples
INFO Successfully fit model in <duration>
INFO Predicting for 98 test examples...
DEBUG A dense matrix is used to store the feature values of the query examples
DEBUG A dense matrix is used to store the predicted scores
INFO Successfully predicted in <duration>
INFO Evaluation result for test data:

Mean Absolute Error               31.48
Mean Absolute Percentage Error     1.94
Mean Squared Error              2273.58
Median Absolute Error             19.69

INFO Successfully finished after <duration>
