mlrl-testbed mlrl.boosting --log-level debug --data-dir python/tests/res/data --dataset atp7d-nominal --base-dir python/tests/res/tmp --result-dir results --save-evaluation true --problem-type regression --feature-binning equal-width --feature-format dense
Starting experiment using the regression algorithm "BoomerRegressor"...
Using separate training and test sets...
Reading input data from file "python/tests/res/data/atp7d-nominal.arff"...
Parsing meta-data from file "python/tests/res/data/atp7d-nominal.xml"...
Fitting model to 198 training examples...
A dense matrix is used to store the feature values of the training examples
A dense matrix is used to store the regression scores of the training examples
Successfully fit model in <duration>
Predicting for 98 test examples...
A dense matrix is used to store the feature values of the query examples
A dense matrix is used to store the predicted scores
Successfully predicted in <duration>
Evaluation result for test data:

Mean Absolute Error               33.28
Mean Absolute Percentage Error     0.08
Mean Squared Error              3733.04
Median Absolute Error             17.92

Writing output data to file "python/tests/res/tmp/results/evaluation_test.csv"...
Successfully finished after <duration>
