mlrl-testbed mlrl.boosting --log-level debug --base-dir python/tests/res/tmp --data-dir python/tests/res/data --dataset atp7d --result-dir results --save-evaluation true --problem-type regression --loss squared-error-non-decomposable --statistic-type 32-bit
Starting experiment using the regression algorithm "BoomerRegressor"...
Writing output data to file "python/tests/res/tmp/metadata.yml"...
Using separate training and test sets...
Reading input data from file "python/tests/res/data/atp7d.arff"...
Parsing meta-data from file "python/tests/res/data/atp7d.xml"...
Fitting model to 198 training examples...
A dense matrix is used to store the feature values of the training examples
A dense matrix is used to store the regression scores of the training examples
Successfully fit model in <duration>
Predicting for 98 test examples...
A dense matrix is used to store the feature values of the query examples
A dense matrix is used to store the predicted scores
Successfully predicted in <duration>
Evaluation result for test data:

Mean Absolute Error                359.31
Mean Absolute Percentage Error       1
Mean Squared Error              145899
Median Absolute Error              324

Writing output data to file "python/tests/res/tmp/results/evaluation_test.csv"...
Successfully finished experiment after <duration>
