mlrl-testbed mlrl.boosting --log-level debug --data-dir python/tests/res/data --dataset atp7d-predefined --output-dir python/tests/res/tmp/results --problem-type regression --print-evaluation true --store-evaluation true
INFO Starting experiment using the regression algorithm "BoomerRegressor"...
INFO Using separate training and test sets...
DEBUG Reading input data from file "python/tests/res/data/atp7d-predefined_training.arff"...
DEBUG Parsing meta-data from file "python/tests/res/data/atp7d-predefined.xml"...
INFO Fitting model to 195 training examples...
DEBUG A dense matrix is used to store the feature values of the training examples
DEBUG A dense matrix is used to store the regression scores of the training examples
INFO Successfully fit model in <duration>
DEBUG Reading input data from file "python/tests/res/data/atp7d-predefined_test.arff"...
DEBUG Parsing meta-data from file "python/tests/res/data/atp7d-predefined.xml"...
INFO Predicting for 101 test examples...
DEBUG A dense matrix is used to store the feature values of the query examples
DEBUG A dense matrix is used to store the predicted scores
INFO Successfully predicted in <duration>
INFO Evaluation result for test data:

Mean Absolute Error               69.5
Mean Absolute Percentage Error     0.19
Mean Squared Error              7863.36
Median Absolute Error             68.55

DEBUG Writing output data to file "python/tests/res/tmp/results/evaluation_test.csv"...
INFO Successfully finished after <duration>
